Warning: Permanently added '[localhost]:3803' (ED25519) to the list of known hosts.
2025/08/20 12:48:23 ignoring optional flag "sandboxArg"="0"
2025/08/20 12:48:27 parsed 1 programs
syzkaller login: [  168.845428][ T9819] cgroup: Unknown subsys name 'net'
[  168.954508][ T9819] cgroup: Unknown subsys name 'cpuset'
[  168.975502][ T9819] cgroup: Unknown subsys name 'rlimit'
[  172.358534][ T9819] Adding 124996k swap on ./swap-file.  Priority:0 extents:1 across:124996k 
[  177.858219][ T9896] Bluetooth: hci0: unexpected cc 0x0c03 length: 249 > 1
[  177.873481][ T9896] Bluetooth: hci0: unexpected cc 0x1003 length: 249 > 9
[  177.875351][ T9896] Bluetooth: hci0: unexpected cc 0x1001 length: 249 > 9
[  177.877481][ T9896] Bluetooth: hci0: unexpected cc 0x0c23 length: 249 > 4
[  177.879886][ T9896] Bluetooth: hci0: unexpected cc 0x0c38 length: 249 > 2
[  178.319483][ T9929] chnl_net:caif_netlink_parms(): no params data found
[  178.425308][ T9929] bridge0: port 1(bridge_slave_0) entered blocking state
[  178.438473][ T9929] bridge0: port 1(bridge_slave_0) entered disabled state
[  178.439658][ T9929] bridge_slave_0: entered allmulticast mode
[  178.441632][ T9929] bridge_slave_0: entered promiscuous mode
[  178.444735][ T9929] bridge0: port 2(bridge_slave_1) entered blocking state
[  178.445981][ T9929] bridge0: port 2(bridge_slave_1) entered disabled state
[  178.447198][ T9929] bridge_slave_1: entered allmulticast mode
[  178.449417][ T9929] bridge_slave_1: entered promiscuous mode
[  178.501151][ T9929] bond0: (slave bond_slave_0): Enslaving as an active interface with an up link
[  178.506653][ T9929] bond0: (slave bond_slave_1): Enslaving as an active interface with an up link
[  178.546319][ T9929] team0: Port device team_slave_0 added
[  178.549768][ T9929] team0: Port device team_slave_1 added
[  178.579250][ T9929] batman_adv: batadv0: Adding interface: batadv_slave_0
[  178.580549][ T9929] batman_adv: batadv0: The MTU of interface batadv_slave_0 is too small (1500) to handle the transport of batman-adv packets. Packets going over this interface will be fragmented on layer2 which could impact the performance. Setting the MTU to 1560 would solve the problem.
[  178.584599][ T9929] batman_adv: batadv0: Not using interface batadv_slave_0 (retrying later): interface not active
[  178.588432][ T9929] batman_adv: batadv0: Adding interface: batadv_slave_1
[  178.589674][ T9929] batman_adv: batadv0: The MTU of interface batadv_slave_1 is too small (1500) to handle the transport of batman-adv packets. Packets going over this interface will be fragmented on layer2 which could impact the performance. Setting the MTU to 1560 would solve the problem.
[  178.593925][ T9929] batman_adv: batadv0: Not using interface batadv_slave_1 (retrying later): interface not active
[  178.651091][ T9929] hsr_slave_0: entered promiscuous mode
[  178.653676][ T9929] hsr_slave_1: entered promiscuous mode
[  178.851780][ T9929] netdevsim netdevsim0 netdevsim0: renamed from eth0
[  178.858206][ T9929] netdevsim netdevsim0 netdevsim1: renamed from eth1
[  178.863364][ T9929] netdevsim netdevsim0 netdevsim2: renamed from eth2
[  178.872396][ T9929] netdevsim netdevsim0 netdevsim3: renamed from eth3
[  178.922340][ T9929] bridge0: port 2(bridge_slave_1) entered blocking state
[  178.924342][ T9929] bridge0: port 2(bridge_slave_1) entered forwarding state
[  178.926138][ T9929] bridge0: port 1(bridge_slave_0) entered blocking state
[  178.934058][ T9929] bridge0: port 1(bridge_slave_0) entered forwarding state
[  179.029194][ T9929] 8021q: adding VLAN 0 to HW filter on device bond0
[  179.049412][   T36] bridge0: port 1(bridge_slave_0) entered disabled state
[  179.052167][   T36] bridge0: port 2(bridge_slave_1) entered disabled state
[  179.067271][ T9929] 8021q: adding VLAN 0 to HW filter on device team0
[  179.076671][   T36] bridge0: port 1(bridge_slave_0) entered blocking state
[  179.077994][   T36] bridge0: port 1(bridge_slave_0) entered forwarding state
[  179.086034][   T36] bridge0: port 2(bridge_slave_1) entered blocking state
[  179.087226][   T36] bridge0: port 2(bridge_slave_1) entered forwarding state
[  179.325120][ T9929] 8021q: adding VLAN 0 to HW filter on device batadv0
[  179.375704][ T9929] veth0_vlan: entered promiscuous mode
[  179.387525][ T9929] veth1_vlan: entered promiscuous mode
[  179.449087][ T9929] veth0_macvtap: entered promiscuous mode
[  179.456169][ T9929] veth1_macvtap: entered promiscuous mode
[  179.477046][ T9929] batman_adv: batadv0: Interface activated: batadv_slave_0
[  179.491931][ T9929] batman_adv: batadv0: Interface activated: batadv_slave_1
[  179.504123][   T12] netdevsim netdevsim0 netdevsim0: set [1, 0] type 2 family 0 port 6081 - 0
[  179.506387][T10261] netdevsim netdevsim0 netdevsim1: set [1, 0] type 2 family 0 port 6081 - 0
[  179.507934][T10261] netdevsim netdevsim0 netdevsim2: set [1, 0] type 2 family 0 port 6081 - 0
[  179.510530][T10261] netdevsim netdevsim0 netdevsim3: set [1, 0] type 2 family 0 port 6081 - 0
[  179.651051][   T12] netdevsim netdevsim0 netdevsim3 (unregistering): unset [1, 0] type 2 family 0 port 6081 - 0
[  179.718095][   T12] netdevsim netdevsim0 netdevsim2 (unregistering): unset [1, 0] type 2 family 0 port 6081 - 0
[  179.793024][   T12] netdevsim netdevsim0 netdevsim1 (unregistering): unset [1, 0] type 2 family 0 port 6081 - 0
[  179.834783][   T12] netdevsim netdevsim0 netdevsim0 (unregistering): unset [1, 0] type 2 family 0 port 6081 - 0
[  181.541442][   T40] wlan0: Created IBSS using preconfigured BSSID 50:50:50:50:50:50
[  181.543411][   T40] wlan0: Creating new IBSS network, BSSID 50:50:50:50:50:50
[  181.593469][   T40] wlan1: Created IBSS using preconfigured BSSID 50:50:50:50:50:50
[  181.594806][   T40] wlan1: Creating new IBSS network, BSSID 50:50:50:50:50:50
[  182.926159][   T12] bridge_slave_1: left allmulticast mode
[  182.929142][   T12] bridge_slave_1: left promiscuous mode
[  182.930749][   T12] bridge0: port 2(bridge_slave_1) entered disabled state
[  182.960748][   T12] bridge_slave_0: left allmulticast mode
[  182.963225][   T12] bridge_slave_0: left promiscuous mode
[  182.964562][   T12] bridge0: port 1(bridge_slave_0) entered disabled state
[  183.174414][   T12] bond0 (unregistering): (slave bond_slave_0): Releasing backup interface
[  183.190455][   T12] bond0 (unregistering): (slave bond_slave_1): Releasing backup interface
[  183.193495][   T12] bond0 (unregistering): Released all slaves
[  183.354589][   T12] hsr_slave_0: left promiscuous mode
[  183.357727][   T12] hsr_slave_1: left promiscuous mode
[  183.359112][   T12] batman_adv: batadv0: Interface deactivated: batadv_slave_0
[  183.360477][   T12] batman_adv: batadv0: Removing interface: batadv_slave_0
[  183.422839][   T12] batman_adv: batadv0: Interface deactivated: batadv_slave_1
[  183.434173][   T12] batman_adv: batadv0: Removing interface: batadv_slave_1
[  183.453659][   T12] veth1_macvtap: left promiscuous mode
[  183.454869][   T12] veth0_macvtap: left promiscuous mode
[  183.456160][   T12] veth1_vlan: left promiscuous mode
[  183.457445][   T12] veth0_vlan: left promiscuous mode
[  183.644786][   T12] team0 (unregistering): Port device team_slave_1 removed
[  183.652117][   T12] team0 (unregistering): Port device team_slave_0 removed
2025/08/20 12:48:53 executed programs: 0
[  187.340437][ T9896] Bluetooth: hci0: unexpected cc 0x0c03 length: 249 > 1
[  187.342359][ T9896] Bluetooth: hci0: unexpected cc 0x1003 length: 249 > 9
[  187.345706][ T9896] Bluetooth: hci0: unexpected cc 0x1001 length: 249 > 9
[  187.348763][ T9896] Bluetooth: hci0: unexpected cc 0x0c23 length: 249 > 4
[  187.351173][ T9896] Bluetooth: hci0: unexpected cc 0x0c38 length: 249 > 2
[  187.693760][T10650] chnl_net:caif_netlink_parms(): no params data found
[  187.791496][T10650] bridge0: port 1(bridge_slave_0) entered blocking state
[  187.793016][T10650] bridge0: port 1(bridge_slave_0) entered disabled state
[  187.795196][T10650] bridge_slave_0: entered allmulticast mode
[  187.809768][T10650] bridge_slave_0: entered promiscuous mode
[  187.813058][T10650] bridge0: port 2(bridge_slave_1) entered blocking state
[  187.814235][T10650] bridge0: port 2(bridge_slave_1) entered disabled state
[  187.815494][T10650] bridge_slave_1: entered allmulticast mode
[  187.818117][T10650] bridge_slave_1: entered promiscuous mode
[  187.866271][T10650] bond0: (slave bond_slave_0): Enslaving as an active interface with an up link
[  187.871680][T10650] bond0: (slave bond_slave_1): Enslaving as an active interface with an up link
[  187.920734][T10650] team0: Port device team_slave_0 added
[  187.925028][T10650] team0: Port device team_slave_1 added
[  187.975063][T10650] batman_adv: batadv0: Adding interface: batadv_slave_0
[  187.979104][T10650] batman_adv: batadv0: The MTU of interface batadv_slave_0 is too small (1500) to handle the transport of batman-adv packets. Packets going over this interface will be fragmented on layer2 which could impact the performance. Setting the MTU to 1560 would solve the problem.
[  187.985284][T10650] batman_adv: batadv0: Not using interface batadv_slave_0 (retrying later): interface not active
[  187.992347][T10650] batman_adv: batadv0: Adding interface: batadv_slave_1
[  187.993978][T10650] batman_adv: batadv0: The MTU of interface batadv_slave_1 is too small (1500) to handle the transport of batman-adv packets. Packets going over this interface will be fragmented on layer2 which could impact the performance. Setting the MTU to 1560 would solve the problem.
[  188.001946][T10650] batman_adv: batadv0: Not using interface batadv_slave_1 (retrying later): interface not active
[  188.066958][T10650] hsr_slave_0: entered promiscuous mode
[  188.073753][T10650] hsr_slave_1: entered promiscuous mode
[  188.627411][T10650] netdevsim netdevsim0 netdevsim0: renamed from eth0
[  188.634831][T10650] netdevsim netdevsim0 netdevsim1: renamed from eth1
[  188.641787][T10650] netdevsim netdevsim0 netdevsim2: renamed from eth2
[  188.647494][T10650] netdevsim netdevsim0 netdevsim3: renamed from eth3
[  188.778817][T10650] 8021q: adding VLAN 0 to HW filter on device bond0
[  188.795134][T10650] 8021q: adding VLAN 0 to HW filter on device team0
[  188.803748][ T4921] bridge0: port 1(bridge_slave_0) entered blocking state
[  188.805209][ T4921] bridge0: port 1(bridge_slave_0) entered forwarding state
[  188.817671][ T4921] bridge0: port 2(bridge_slave_1) entered blocking state
[  188.819122][ T4921] bridge0: port 2(bridge_slave_1) entered forwarding state
[  189.113316][T10650] 8021q: adding VLAN 0 to HW filter on device batadv0
[  189.162989][T10650] veth0_vlan: entered promiscuous mode
[  189.170989][T10650] veth1_vlan: entered promiscuous mode
[  189.199432][T10650] veth0_macvtap: entered promiscuous mode
[  189.211451][T10650] veth1_macvtap: entered promiscuous mode
[  189.235705][T10650] batman_adv: batadv0: Interface activated: batadv_slave_0
[  189.249502][T10650] batman_adv: batadv0: Interface activated: batadv_slave_1
[  189.259327][   T13] netdevsim netdevsim0 netdevsim0: set [1, 0] type 2 family 0 port 6081 - 0
[  189.261924][   T13] netdevsim netdevsim0 netdevsim1: set [1, 0] type 2 family 0 port 6081 - 0
[  189.265029][   T13] netdevsim netdevsim0 netdevsim2: set [1, 0] type 2 family 0 port 6081 - 0
[  189.275041][   T13] netdevsim netdevsim0 netdevsim3: set [1, 0] type 2 family 0 port 6081 - 0
[  189.359133][   T40] wlan0: Created IBSS using preconfigured BSSID 50:50:50:50:50:50
[  189.360951][   T40] wlan0: Creating new IBSS network, BSSID 50:50:50:50:50:50
[  189.388971][ T9896] Bluetooth: hci0: command tx timeout
[  189.400504][   T40] wlan1: Created IBSS using preconfigured BSSID 50:50:50:50:50:50
[  189.402380][   T40] wlan1: Creating new IBSS network, BSSID 50:50:50:50:50:50
[  190.025366][T11016] loop0: detected capacity change from 0 to 32768
[  190.038617][T11016] BUG at fs/jfs/jfs_dmap.c:2983 assert(n < 4)
[  190.040324][T11016] ------------[ cut here ]------------
[  190.041159][T11016] kernel BUG at fs/jfs/jfs_dmap.c:2983!
[  190.042064][T11016] Oops: invalid opcode: 0000 [#1] SMP KASAN PTI
[  190.043053][T11016] CPU: 1 UID: 0 PID: 11016 Comm: syz.0.17 Not tainted 6.17.0-rc2 #1 PREEMPT(full) 
[  190.044476][T11016] Hardware name: QEMU Standard PC (i440FX + PIIX, 1996), BIOS 1.16.2-debian-1.16.2-1 04/01/2014
[  190.046942][T11016] RIP: 0010:dbFindLeaf+0x1c9/0x310
[  190.048124][T11016] Code: 85 70 ff ff ff e8 17 4f 73 fe 48 c7 c1 e0 53 ed 8b ba a7 0b 00 00 48 c7 c6 c0 50 ed 8b 48 c7 c7 40 51 ed 8b e8 48 d9 51 fe 90 <0f> 0b e8 f0 4e 73 fe 83 6c 24 04 01 31 ff 44 8b 7c 24 04 8d 1c 9d
[  190.051227][T11016] RSP: 0018:ffffc90003fefa68 EFLAGS: 00010286
[  190.052203][T11016] RAX: 000000000000002b RBX: 000000000000005d RCX: 0000000000000000
[  190.053532][T11016] RDX: 0000000000000000 RSI: ffff8880489b3980 RDI: 0000000000000002
[  190.054787][T11016] RBP: ffff88804eccc07e R08: fffff520007fdf0d R09: fffff520007fdf0d
[  190.056002][T11016] R10: fffff520007fdf0c R11: ffffc90003fef867 R12: 0000000000000004
[  190.057259][T11016] R13: 0000000000000155 R14: 0000000000000008 R15: 00000000ffffffff
[  190.058517][T11016] FS:  000055557a7bf500(0000) GS:ffff8880eb059000(0000) knlGS:0000000000000000
[  190.059960][T11016] CS:  0010 DS: 0000 ES: 0000 CR0: 0000000080050033
[  190.061037][T11016] CR2: 0000200000000040 CR3: 000000004ef7a000 CR4: 0000000000002ef0
[  190.062271][T11016] Call Trace:
[  190.062820][T11016]  <TASK>
[  190.063331][T11016]  dbAllocDmapLev+0xa4/0x2f0
[  190.064114][T11016]  ? write_comp_data+0x29/0x80
[  190.064987][T11016]  ? __pfx_dbAllocDmapLev+0x10/0x10
[  190.065857][T11016]  ? write_comp_data+0x29/0x80
[  190.066676][T11016]  dbAllocCtl+0x172/0x800
[  190.067402][T11016]  dbAllocAG+0x97a/0xf00
[  190.068121][T11016]  ? rcu_is_watching+0x15/0xd0
[  190.068942][T11016]  ? __pfx_dbAllocAG+0x10/0x10
[  190.069720][T11016]  ? write_comp_data+0x29/0x80
[  190.070471][T11016]  ? __sanitizer_cov_trace_pc+0x20/0x50
[  190.071354][T11016]  dbDiscardAG+0x248/0x7e0
[  190.072133][T11016]  ? __pfx_dbDiscardAG+0x10/0x10
[  190.073004][T11016]  ? rcu_is_watching+0x15/0xd0
[  190.073786][T11016]  ? __might_fault+0x138/0x190
[  190.074624][T11016]  jfs_ioc_trim+0x41b/0x5d0
[  190.075361][T11016]  jfs_ioctl+0x304/0x3f0
[  190.076061][T11016]  ? __pfx_jfs_ioctl+0x10/0x10
[  190.076924][T11016]  ? write_comp_data+0x29/0x80
[  190.077729][T11016]  ? __sanitizer_cov_trace_pc+0x20/0x50
[  190.078649][T11016]  ? __pfx_jfs_ioctl+0x10/0x10
[  190.079458][T11016]  __x64_sys_ioctl+0x190/0x210
[  190.080306][T11016]  do_syscall_64+0xcf/0x490
[  190.081096][T11016]  entry_SYSCALL_64_after_hwframe+0x77/0x7f
[  190.082086][T11016] RIP: 0033:0x7f78a818ede9
[  190.082853][T11016] Code: ff ff c3 66 2e 0f 1f 84 00 00 00 00 00 0f 1f 40 00 48 89 f8 48 89 f7 48 89 d6 48 89 ca 4d 89 c2 4d 89 c8 4c 8b 4c 24 08 0f 05 <48> 3d 01 f0 ff ff 73 01 c3 48 c7 c1 a8 ff ff ff f7 d8 64 89 01 48
[  190.086000][T11016] RSP: 002b:00007fffe0b38b38 EFLAGS: 00000246 ORIG_RAX: 0000000000000010
[  190.087330][T11016] RAX: ffffffffffffffda RBX: 00007f78a83b5fa0 RCX: 00007f78a818ede9
[  190.088669][T11016] RDX: 0000200000000000 RSI: 00000000c0185879 RDI: 0000000000000004
[  190.089920][T11016] RBP: 00007f78a8211e19 R08: 0000000000000000 R09: 0000000000000000
[  190.091113][T11016] R10: 0000000000000000 R11: 0000000000000246 R12: 0000000000000000
[  190.092460][T11016] R13: 00007f78a83b5fa0 R14: 00007f78a83b5fa0 R15: 0000000000000003
[  190.093761][T11016]  </TASK>
[  190.094268][T11016] Modules linked in:
[  190.095458][T11016] ---[ end trace 0000000000000000 ]---
[  190.100449][T11016] RIP: 0010:dbFindLeaf+0x1c9/0x310
[  190.101276][T11016] Code: 85 70 ff ff ff e8 17 4f 73 fe 48 c7 c1 e0 53 ed 8b ba a7 0b 00 00 48 c7 c6 c0 50 ed 8b 48 c7 c7 40 51 ed 8b e8 48 d9 51 fe 90 <0f> 0b e8 f0 4e 73 fe 83 6c 24 04 01 31 ff 44 8b 7c 24 04 8d 1c 9d
[  190.104699][T11016] RSP: 0018:ffffc90003fefa68 EFLAGS: 00010286
[  190.106988][T11016] RAX: 000000000000002b RBX: 000000000000005d RCX: 0000000000000000
[  190.110557][T11016] RDX: 0000000000000000 RSI: ffff8880489b3980 RDI: 0000000000000002
[  190.111764][T11016] RBP: ffff88804eccc07e R08: fffff520007fdf0d R09: fffff520007fdf0d
[  190.113057][T11016] R10: fffff520007fdf0c R11: ffffc90003fef867 R12: 0000000000000004
[  190.114282][T11016] R13: 0000000000000155 R14: 0000000000000008 R15: 00000000ffffffff
[  190.115558][T11016] FS:  000055557a7bf500(0000) GS:ffff8880eb059000(0000) knlGS:0000000000000000
[  190.117022][T11016] CS:  0010 DS: 0000 ES: 0000 CR0: 0000000080050033
[  190.118610][T11016] CR2: 00007f5da4c51790 CR3: 000000004ef7a000 CR4: 0000000000002ef0
[  190.119876][T11016] Kernel panic - not syncing: Fatal exception
[  190.121104][T11016] Kernel Offset: disabled
[  190.121790][T11016] Rebooting in 86400 seconds..

VM DIAGNOSIS:
12:48:56  Registers:
info registers vcpu 0

CPU#0
RAX=0000000040000000 RBX=ffff888047328000 RCX=ffffffff815c2c5a RDX=0000000080000002
RSI=ffff88801d6f3980 RDI=0000000000000002 RBP=ffff88801d6f3980 RSP=ffffc900023170d0
R8 =ffffed1003ade731 R9 =ffffed1003ade731 R10=ffffed1003ade730 R11=ffff88801d6f3987
R12=0000000000000000 R13=ffff88801d6f521e R14=0000000000000000 R15=00007fac7df088c0
RIP=ffffffff815c2c6d RFL=00000046 [---Z-P-] CPL=0 II=0 A20=1 SMM=0 HLT=0
ES =0000 0000000000000000 ffffffff 00c00000
CS =0010 0000000000000000 ffffffff 00a09b00 DPL=0 CS64 [-RA]
SS =0018 0000000000000000 ffffffff 00c09300 DPL=0 DS   [-WA]
DS =0000 0000000000000000 ffffffff 00c00000
FS =0000 0000000000000000 ffffffff 00c00000
GS =0000 ffff888097859000 ffffffff 00c00000
LDT=0000 0000000000000000 ffffffff 00c00000
TR =0040 fffffe0000003000 00004087 00008b00 DPL=0 TSS64-busy
GDT=     fffffe0000001000 0000007f
IDT=     fffffe0000000000 00000fff
CR0=80050033 CR2=00005651229a4bc8 CR3=000000004f6de000 CR4=00002ef0
DR0=0000000000000000 DR1=0000000000000000 DR2=0000000000000000 DR3=0000000000000000 
DR6=00000000ffff0ff0 DR7=0000000000000400
EFER=0000000000000d01
FCW=037f FSW=0000 [ST=0] FTW=00 MXCSR=00001f80
FPR0=0000000000000000 0000 FPR1=0000000000000000 0000
FPR2=0000000000000000 0000 FPR3=0000000000000000 0000
FPR4=0000000000000000 0000 FPR5=0000000000000000 0000
FPR6=0000000000000000 0000 FPR7=0000000000000000 0000
XMM00=0000000000000000 0000000000000000 XMM01=0000000000000000 0000000000000000
XMM02=206b636f6c622065 726f747365756c62 XMM03=00000000000000ff ffffffffffffffff
XMM04=0000000000000000 0000000000000000 XMM05=ffff000000000000 ffff000000000000
XMM06=ffff0000ff000000 0000000000000000 XMM07=0000000000000000 0000000000000000
XMM08=ffffffffffffffff 0000000000000001 XMM09=6464646464646464 6464646464646464
XMM10=6464323546f60474 6464323546f6b5b4 XMM11=0000000000000000 0000000000000000
XMM12=0000000000000000 0000000000000000 XMM13=0000000000000000 0000000000000000
XMM14=0000000000000000 0000000000000000 XMM15=0000000000000000 0000000000000000
info registers vcpu 1

CPU#1
RAX=0000000000000030 RBX=0000000000000000 RCX=0000000000000000 RDX=00000000000003f8
RSI=ffff8880489b3980 RDI=ffffffff9b162680 RBP=ffffffff9b162640 RSP=ffffc90003fef250
R8 =ffffed1003fb2047 R9 =ffffed1003fb2047 R10=ffffed1003fb2046 R11=ffff88801fd90237
R12=0000000000000000 R13=0000000000000030 R14=0000000000000030 R15=0000000000000000
RIP=ffffffff8565ef9f RFL=00000002 [-------] CPL=0 II=0 A20=1 SMM=0 HLT=0
ES =0000 0000000000000000 ffffffff 00c00000
CS =0010 0000000000000000 ffffffff 00a09b00 DPL=0 CS64 [-RA]
SS =0018 0000000000000000 ffffffff 00c09300 DPL=0 DS   [-WA]
DS =0000 0000000000000000 ffffffff 00c00000
FS =0000 000055557a7bf500 ffffffff 00c00000
GS =0000 ffff8880eb059000 ffffffff 00c00000
LDT=0000 0000000000000000 00000000 00000000
TR =0040 fffffe000004a000 00004087 00008b00 DPL=0 TSS64-busy
GDT=     fffffe0000048000 0000007f
IDT=     fffffe0000000000 00000fff
CR0=80050033 CR2=0000200000000040 CR3=000000004ef7a000 CR4=00002ef0
DR0=0000000000000000 DR1=0000000000000000 DR2=0000000000000000 DR3=0000000000000000 
DR6=00000000ffff0ff0 DR7=0000000000000400
EFER=0000000000000d01
FCW=037f FSW=0000 [ST=0] FTW=00 MXCSR=00001f80
FPR0=0000000000000000 0000 FPR1=0000000000000000 0000
FPR2=0000000000000000 0000 FPR3=0000000000000000 0000
FPR4=0000000000000000 0000 FPR5=0000000000000000 0000
FPR6=0000000000000000 0000 FPR7=0000000000000000 0000
XMM00=0000000000000000 0000000000000000 XMM01=2525252525252525 2525252525252525
XMM02=5300796461655200 656b616873646e61 XMM03=0000000000000000 0000000000000000
XMM04=0000000000000000 00000000000000ff XMM05=0000000000000000 00007f78a8212e53
XMM06=0000000000000000 00007f78a8212e4d XMM07=0000000000000000 00007f78a8212e61
XMM08=0000000000000000 00007f78a8212ee7 XMM09=0000000000000000 00007f78a8212fc5
XMM10=0000000000000000 0000000000000000 XMM11=0000000000000000 0000000000000000
XMM12=0000000000000000 0000000000000000 XMM13=0000000000000000 0000000000000000
XMM14=0000000000000000 0000000000000000 XMM15=0000000000000000 0000000000000000
