Warning: Permanently added '[localhost]:39334' (ED25519) to the list of known hosts.
2025/07/13 06:12:29 ignoring optional flag "sandboxArg"="0"
2025/07/13 06:12:32 parsed 1 programs
syzkaller login: [  146.742677][ T9787] cgroup: Unknown subsys name 'net'
[  146.869043][ T9787] cgroup: Unknown subsys name 'cpuset'
[  146.878604][ T9787] cgroup: Unknown subsys name 'rlimit'
[  149.956397][ T9787] Adding 124996k swap on ./swap-file.  Priority:0 extents:1 across:124996k 
[  155.666390][ T9831] chnl_net:caif_netlink_parms(): no params data found
[  155.825189][ T9831] bridge0: port 1(bridge_slave_0) entered blocking state
[  155.827394][ T9831] bridge0: port 1(bridge_slave_0) entered disabled state
[  155.828685][ T9831] bridge_slave_0: entered allmulticast mode
[  155.831504][ T9831] bridge_slave_0: entered promiscuous mode
[  155.837032][ T9831] bridge0: port 2(bridge_slave_1) entered blocking state
[  155.838290][ T9831] bridge0: port 2(bridge_slave_1) entered disabled state
[  155.839737][ T9831] bridge_slave_1: entered allmulticast mode
[  155.842492][ T9831] bridge_slave_1: entered promiscuous mode
[  155.898317][ T9831] bond0: (slave bond_slave_0): Enslaving as an active interface with an up link
[  155.903994][ T9831] bond0: (slave bond_slave_1): Enslaving as an active interface with an up link
[  155.959808][ T9831] team0: Port device team_slave_0 added
[  155.966776][ T9831] team0: Port device team_slave_1 added
[  156.022516][ T9831] batman_adv: batadv0: Adding interface: batadv_slave_0
[  156.023840][ T9831] batman_adv: batadv0: The MTU of interface batadv_slave_0 is too small (1500) to handle the transport of batman-adv packets. Packets going over this interface will be fragmented on layer2 which could impact the performance. Setting the MTU to 1560 would solve the problem.
[  156.027740][ T9831] batman_adv: batadv0: Not using interface batadv_slave_0 (retrying later): interface not active
[  156.032448][ T9831] batman_adv: batadv0: Adding interface: batadv_slave_1
[  156.033512][ T9831] batman_adv: batadv0: The MTU of interface batadv_slave_1 is too small (1500) to handle the transport of batman-adv packets. Packets going over this interface will be fragmented on layer2 which could impact the performance. Setting the MTU to 1560 would solve the problem.
[  156.039410][ T9831] batman_adv: batadv0: Not using interface batadv_slave_1 (retrying later): interface not active
[  156.112940][ T9831] hsr_slave_0: entered promiscuous mode
[  156.115843][ T9831] hsr_slave_1: entered promiscuous mode
[  156.385188][ T9831] netdevsim netdevsim0 netdevsim0: renamed from eth0
[  156.395152][ T9831] netdevsim netdevsim0 netdevsim1: renamed from eth1
[  156.408988][ T9831] netdevsim netdevsim0 netdevsim2: renamed from eth2
[  156.418299][ T9831] netdevsim netdevsim0 netdevsim3: renamed from eth3
[  156.476970][ T9831] bridge0: port 2(bridge_slave_1) entered blocking state
[  156.478738][ T9831] bridge0: port 2(bridge_slave_1) entered forwarding state
[  156.481198][ T9831] bridge0: port 1(bridge_slave_0) entered blocking state
[  156.483170][ T9831] bridge0: port 1(bridge_slave_0) entered forwarding state
[  156.573660][   T52] bridge0: port 1(bridge_slave_0) entered disabled state
[  156.580263][   T52] bridge0: port 2(bridge_slave_1) entered disabled state
[  156.641039][ T9831] 8021q: adding VLAN 0 to HW filter on device bond0
[  156.669093][ T9831] 8021q: adding VLAN 0 to HW filter on device team0
[  156.683311][   T52] bridge0: port 1(bridge_slave_0) entered blocking state
[  156.684759][   T52] bridge0: port 1(bridge_slave_0) entered forwarding state
[  156.747535][   T52] bridge0: port 2(bridge_slave_1) entered blocking state
[  156.757174][   T52] bridge0: port 2(bridge_slave_1) entered forwarding state
[  157.232507][ T9831] 8021q: adding VLAN 0 to HW filter on device batadv0
[  157.297061][ T9831] veth0_vlan: entered promiscuous mode
[  157.307248][ T9831] veth1_vlan: entered promiscuous mode
[  157.345017][ T9831] veth0_macvtap: entered promiscuous mode
[  157.351291][ T9831] veth1_macvtap: entered promiscuous mode
[  157.371195][ T9831] batman_adv: batadv0: Interface activated: batadv_slave_0
[  157.384641][ T9831] batman_adv: batadv0: Interface activated: batadv_slave_1
[  157.392245][ T9831] netdevsim netdevsim0 netdevsim0: set [1, 0] type 2 family 0 port 6081 - 0
[  157.399148][ T9831] netdevsim netdevsim0 netdevsim1: set [1, 0] type 2 family 0 port 6081 - 0
[  157.400611][ T9831] netdevsim netdevsim0 netdevsim2: set [1, 0] type 2 family 0 port 6081 - 0
[  157.401994][ T9831] netdevsim netdevsim0 netdevsim3: set [1, 0] type 2 family 0 port 6081 - 0
[  157.700849][T10012] netdevsim netdevsim0 netdevsim3 (unregistering): unset [1, 0] type 2 family 0 port 6081 - 0
[  157.813488][T10012] netdevsim netdevsim0 netdevsim2 (unregistering): unset [1, 0] type 2 family 0 port 6081 - 0
[  158.048759][ T5180] Bluetooth: hci0: unexpected cc 0x0c03 length: 249 > 1
[  158.051572][ T5180] Bluetooth: hci0: unexpected cc 0x1003 length: 249 > 9
[  158.053391][ T5180] Bluetooth: hci0: unexpected cc 0x1001 length: 249 > 9
[  158.057752][ T5180] Bluetooth: hci0: unexpected cc 0x0c23 length: 249 > 4
[  158.059712][ T5180] Bluetooth: hci0: unexpected cc 0x0c38 length: 249 > 2
[  158.486637][ T1326] ieee802154 phy0 wpan0: encryption failed: -22
[  158.488476][ T1326] ieee802154 phy1 wpan1: encryption failed: -22
[  158.949589][T10012] netdevsim netdevsim0 netdevsim1 (unregistering): unset [1, 0] type 2 family 0 port 6081 - 0
[  160.316485][T10012] netdevsim netdevsim0 netdevsim0 (unregistering): unset [1, 0] type 2 family 0 port 6081 - 0
[  160.646248][T10012] bridge_slave_1: left allmulticast mode
[  160.647930][T10012] bridge_slave_1: left promiscuous mode
[  160.650829][T10012] bridge0: port 2(bridge_slave_1) entered disabled state
[  160.669589][T10012] bridge_slave_0: left allmulticast mode
[  160.670958][T10012] bridge_slave_0: left promiscuous mode
[  160.695033][T10012] bridge0: port 1(bridge_slave_0) entered disabled state
[  161.087846][T10012] bond0 (unregistering): (slave bond_slave_0): Releasing backup interface
[  161.097786][T10012] bond0 (unregistering): (slave bond_slave_1): Releasing backup interface
[  161.102406][T10012] bond0 (unregistering): Released all slaves
[  161.130881][   T33] wlan0: Created IBSS using preconfigured BSSID 50:50:50:50:50:50
[  161.133120][   T33] wlan0: Creating new IBSS network, BSSID 50:50:50:50:50:50
[  161.449177][T10012] hsr_slave_0: left promiscuous mode
[  161.464565][T10012] hsr_slave_1: left promiscuous mode
[  161.467620][T10012] batman_adv: batadv0: Interface deactivated: batadv_slave_0
[  161.468881][T10012] batman_adv: batadv0: Removing interface: batadv_slave_0
[  161.480433][T10012] batman_adv: batadv0: Interface deactivated: batadv_slave_1
[  161.481596][T10012] batman_adv: batadv0: Removing interface: batadv_slave_1
[  161.507024][T10012] veth1_macvtap: left promiscuous mode
[  161.508299][T10012] veth0_macvtap: left promiscuous mode
[  161.509409][T10012] veth1_vlan: left promiscuous mode
[  161.510402][T10012] veth0_vlan: left promiscuous mode
[  161.905010][T10012] team0 (unregistering): Port device team_slave_1 removed
[  161.930091][T10012] team0 (unregistering): Port device team_slave_0 removed
[  162.222745][   T33] wlan1: Created IBSS using preconfigured BSSID 50:50:50:50:50:50
[  162.229315][   T33] wlan1: Creating new IBSS network, BSSID 50:50:50:50:50:50
2025/07/13 06:12:58 executed programs: 0
[  166.011955][   T54] Bluetooth: hci0: unexpected cc 0x0c03 length: 249 > 1
[  166.021469][   T54] Bluetooth: hci0: unexpected cc 0x1003 length: 249 > 9
[  166.023536][   T54] Bluetooth: hci0: unexpected cc 0x1001 length: 249 > 9
[  166.029402][   T54] Bluetooth: hci0: unexpected cc 0x0c23 length: 249 > 4
[  166.042721][   T54] Bluetooth: hci0: unexpected cc 0x0c38 length: 249 > 2
[  166.418059][T10566] chnl_net:caif_netlink_parms(): no params data found
[  166.659370][T10566] bridge0: port 1(bridge_slave_0) entered blocking state
[  166.662394][T10566] bridge0: port 1(bridge_slave_0) entered disabled state
[  166.667695][T10566] bridge_slave_0: entered allmulticast mode
[  166.672518][T10566] bridge_slave_0: entered promiscuous mode
[  166.683073][T10566] bridge0: port 2(bridge_slave_1) entered blocking state
[  166.685655][T10566] bridge0: port 2(bridge_slave_1) entered disabled state
[  166.687424][T10566] bridge_slave_1: entered allmulticast mode
[  166.692127][T10566] bridge_slave_1: entered promiscuous mode
[  166.811253][T10566] bond0: (slave bond_slave_0): Enslaving as an active interface with an up link
[  166.817557][T10566] bond0: (slave bond_slave_1): Enslaving as an active interface with an up link
[  166.886809][T10566] team0: Port device team_slave_0 added
[  166.895390][T10566] team0: Port device team_slave_1 added
[  166.967294][T10566] batman_adv: batadv0: Adding interface: batadv_slave_0
[  166.968813][T10566] batman_adv: batadv0: The MTU of interface batadv_slave_0 is too small (1500) to handle the transport of batman-adv packets. Packets going over this interface will be fragmented on layer2 which could impact the performance. Setting the MTU to 1560 would solve the problem.
[  166.976018][T10566] batman_adv: batadv0: Not using interface batadv_slave_0 (retrying later): interface not active
[  166.980981][T10566] batman_adv: batadv0: Adding interface: batadv_slave_1
[  166.982309][T10566] batman_adv: batadv0: The MTU of interface batadv_slave_1 is too small (1500) to handle the transport of batman-adv packets. Packets going over this interface will be fragmented on layer2 which could impact the performance. Setting the MTU to 1560 would solve the problem.
[  166.988167][T10566] batman_adv: batadv0: Not using interface batadv_slave_1 (retrying later): interface not active
[  167.100741][T10566] hsr_slave_0: entered promiscuous mode
[  167.105298][T10566] hsr_slave_1: entered promiscuous mode
[  167.884605][T10566] netdevsim netdevsim0 netdevsim0: renamed from eth0
[  167.890561][T10566] netdevsim netdevsim0 netdevsim1: renamed from eth1
[  167.896762][T10566] netdevsim netdevsim0 netdevsim2: renamed from eth2
[  167.908443][T10566] netdevsim netdevsim0 netdevsim3: renamed from eth3
[  168.004595][T10566] 8021q: adding VLAN 0 to HW filter on device bond0
[  168.025791][T10566] 8021q: adding VLAN 0 to HW filter on device team0
[  168.036670][   T27] bridge0: port 1(bridge_slave_0) entered blocking state
[  168.038060][   T27] bridge0: port 1(bridge_slave_0) entered forwarding state
[  168.051017][   T27] bridge0: port 2(bridge_slave_1) entered blocking state
[  168.052313][   T27] bridge0: port 2(bridge_slave_1) entered forwarding state
[  168.084507][ T5180] Bluetooth: hci0: command tx timeout
[  168.289815][T10566] 8021q: adding VLAN 0 to HW filter on device batadv0
[  168.338998][T10566] veth0_vlan: entered promiscuous mode
[  168.348565][T10566] veth1_vlan: entered promiscuous mode
[  168.378534][T10566] veth0_macvtap: entered promiscuous mode
[  168.385248][T10566] veth1_macvtap: entered promiscuous mode
[  168.402646][T10566] batman_adv: batadv0: Interface activated: batadv_slave_0
[  168.415677][T10566] batman_adv: batadv0: Interface activated: batadv_slave_1
[  168.425569][T10566] netdevsim netdevsim0 netdevsim0: set [1, 0] type 2 family 0 port 6081 - 0
[  168.426923][T10566] netdevsim netdevsim0 netdevsim1: set [1, 0] type 2 family 0 port 6081 - 0
[  168.428309][T10566] netdevsim netdevsim0 netdevsim2: set [1, 0] type 2 family 0 port 6081 - 0
[  168.429658][T10566] netdevsim netdevsim0 netdevsim3: set [1, 0] type 2 family 0 port 6081 - 0
[  168.535297][   T70] wlan0: Created IBSS using preconfigured BSSID 50:50:50:50:50:50
[  168.536842][   T70] wlan0: Creating new IBSS network, BSSID 50:50:50:50:50:50
[  168.585380][   T70] wlan1: Created IBSS using preconfigured BSSID 50:50:50:50:50:50
[  168.586962][   T70] wlan1: Creating new IBSS network, BSSID 50:50:50:50:50:50
[  168.955448][T10932] loop0: detected capacity change from 0 to 32768
[  168.990754][T10932] ocfs2: Slot 0 on device (7,0) was already allocated to this node!
[  169.010291][T10932] ocfs2: Mounting device (7,0) on (node local, slot 0) with ordered data mode.
[  169.015484][T10936] ------------[ cut here ]------------
[  169.016432][T10936] kernel BUG at fs/ocfs2/journal.c:1842!
[  169.026157][T10936] Oops: invalid opcode: 0000 [#1] SMP KASAN PTI
[  169.027185][T10936] CPU: 1 UID: 0 PID: 10936 Comm: ocfs2rec-7A592A Not tainted 6.16.0-rc5 #1 PREEMPT(full) 
[  169.028713][T10936] Hardware name: QEMU Standard PC (i440FX + PIIX, 1996), BIOS 1.16.2-debian-1.16.2-1 04/01/2014
[  169.030818][T10936] RIP: 0010:__ocfs2_recovery_thread+0x15d2/0x1d70
[  169.032126][T10936] Code: 24 30 48 0f a3 18 0f 92 c3 31 ff 89 de e8 b6 ce 0b fe 84 db 0f 85 ef 04 00 00 e8 89 cd 0b fe e9 a7 f1 ff ff e8 7f cd 0b fe 90 <0f> 0b e8 77 cd 0b fe 90 0f 0b 90 e9 60 ee ff ff e8 69 cd 0b fe 89
[  169.035548][T10936] RSP: 0018:ffffc90002a67ce8 EFLAGS: 00010246
[  169.036841][T10936] RAX: 0000000000000000 RBX: 0000000000000000 RCX: ffffffff83ae5e31
[  169.038195][T10936] RDX: 0000000080000000 RSI: ffff88801f14d640 RDI: 0000000000000002
[  169.039949][T10936] RBP: 0000000000000000 R08: fffffbfff214b4cb R09: fffffbfff214b4cb
[  169.041355][T10936] R10: fffffbfff214b4ca R11: ffffffff90a5a657 R12: ffff888025d14170
[  169.042780][T10936] R13: dffffc0000000000 R14: ffff888025d14000 R15: 0000000000000000
[  169.044113][T10936] FS:  0000000000000000(0000) GS:ffff8880eb0bc000(0000) knlGS:0000000000000000
[  169.045933][T10936] CS:  0010 DS: 0000 ES: 0000 CR0: 0000000080050033
[  169.047301][T10936] CR2: 0000555560f695d8 CR3: 0000000000c22000 CR4: 0000000000002ef0
[  169.048838][T10936] Call Trace:
[  169.049587][T10936]  <TASK>
[  169.050078][T10936]  ? __pfx___ocfs2_recovery_thread+0x10/0x10
[  169.051343][T10936]  ? do_raw_spin_lock+0x123/0x2d0
[  169.052209][T10936]  ? find_held_lock+0x2d/0xa0
[  169.053229][T10936]  ? _raw_spin_unlock_irqrestore+0x58/0x70
[  169.054397][T10936]  ? lockdep_hardirqs_on+0x8c/0x120
[  169.055245][T10936]  ? write_comp_data+0x29/0x80
[  169.056028][T10936]  ? __sanitizer_cov_trace_pc+0x20/0x50
[  169.056898][T10936]  ? __kthread_parkme+0x187/0x240
[  169.057747][T10936]  ? __kthread_parkme+0x19f/0x240
[  169.058562][T10936]  ? __pfx___ocfs2_recovery_thread+0x10/0x10
[  169.059493][T10936]  kthread+0x439/0x890
[  169.060183][T10936]  ? __pfx_kthread+0x10/0x10
[  169.060927][T10936]  ? _raw_spin_unlock_irq+0x23/0x50
[  169.061759][T10936]  ? __pfx_kthread+0x10/0x10
[  169.062506][T10936]  ret_from_fork+0x52a/0x700
[  169.063238][T10936]  ? __pfx_kthread+0x10/0x10
[  169.064022][T10936]  ? __pfx_kthread+0x10/0x10
[  169.064765][T10936]  ret_from_fork_asm+0x1a/0x30
[  169.065531][T10936]  </TASK>
[  169.066026][T10936] Modules linked in:
[  169.067211][T10936] ---[ end trace 0000000000000000 ]---
[  169.068938][T10936] RIP: 0010:__ocfs2_recovery_thread+0x15d2/0x1d70
[  169.069983][T10936] Code: 24 30 48 0f a3 18 0f 92 c3 31 ff 89 de e8 b6 ce 0b fe 84 db 0f 85 ef 04 00 00 e8 89 cd 0b fe e9 a7 f1 ff ff e8 7f cd 0b fe 90 <0f> 0b e8 77 cd 0b fe 90 0f 0b 90 e9 60 ee ff ff e8 69 cd 0b fe 89
[  169.072896][T10936] RSP: 0018:ffffc90002a67ce8 EFLAGS: 00010246
[  169.074175][T10936] RAX: 0000000000000000 RBX: 0000000000000000 RCX: ffffffff83ae5e31
[  169.075492][T10936] RDX: 0000000080000000 RSI: ffff88801f14d640 RDI: 0000000000000002
[  169.076822][T10936] RBP: 0000000000000000 R08: fffffbfff214b4cb R09: fffffbfff214b4cb
[  169.078062][T10936] R10: fffffbfff214b4ca R11: ffffffff90a5a657 R12: ffff888025d14170
[  169.079387][T10936] R13: dffffc0000000000 R14: ffff888025d14000 R15: 0000000000000000
[  169.080696][T10936] FS:  0000000000000000(0000) GS:ffff8880eb0bc000(0000) knlGS:0000000000000000
[  169.082127][T10936] CS:  0010 DS: 0000 ES: 0000 CR0: 0000000080050033
[  169.083208][T10936] CR2: 0000555560f695d8 CR3: 0000000000c22000 CR4: 0000000000002ef0
[  169.085035][T10936] Kernel panic - not syncing: Fatal exception
[  169.086215][T10936] Kernel Offset: disabled
[  169.086910][T10936] Rebooting in 86400 seconds..

VM DIAGNOSIS:
06:13:01  Registers:
info registers vcpu 0

CPU#0
RAX=0000000000000000 RBX=1ffff92000546eb1 RCX=ffffc90002a3750c RDX=0000000000000001
RSI=0000000000000000 RDI=ffff88804d242104 RBP=ffff88804d241cc0 RSP=ffffc90002a37518
R8 =ffffffff914284ae R9 =0000000000000001 R10=00000000000a8518 R11=000000000001e54d
R12=0000000000000001 R13=ffffc90002a30000 R14=ffffc90002a37660 R15=ffffc90002a376f8
RIP=ffffffff81a05c8b RFL=00000286 [--S--P-] CPL=0 II=0 A20=1 SMM=0 HLT=0
ES =0000 0000000000000000 ffffffff 00c00000
CS =0010 0000000000000000 ffffffff 00a09b00 DPL=0 CS64 [-RA]
SS =0018 0000000000000000 ffffffff 00c09300 DPL=0 DS   [-WA]
DS =0000 0000000000000000 ffffffff 00c00000
FS =0000 0000000000000000 ffffffff 00c00000
GS =0000 ffff8880978bc000 ffffffff 00c00000
LDT=0000 0000000000000000 ffffffff 00c00000
TR =0040 fffffe0000003000 00004087 00008b00 DPL=0 TSS64-busy
GDT=     fffffe0000001000 0000007f
IDT=     fffffe0000000000 00000fff
CR0=80050033 CR2=0000001b3015ffff CR3=000000000e380000 CR4=00002ef0
DR0=0000000000000000 DR1=0000000000000000 DR2=0000000000000000 DR3=0000000000000000 
DR6=00000000ffff0ff0 DR7=0000000000000400
EFER=0000000000000d01
FCW=037f FSW=0000 [ST=0] FTW=00 MXCSR=00001f80
FPR0=0000000000000000 0000 FPR1=0000000000000000 0000
FPR2=0000000000000000 0000 FPR3=0000000000000000 0000
FPR4=0000000000000000 0000 FPR5=0000000000000000 0000
FPR6=0000000000000000 0000 FPR7=0000000000000000 0000
XMM00=0000000000000000 0000000000000000 XMM01=0101010101010101 0101010000000000
XMM02=6d695f746e756f6d 5f7a797300736678 XMM03=ffffffffffffffff ffffffffffffffff
XMM04=0000000000000000 0000000000000000 XMM05=0000000000000000 00007ffd16c6b4a0
XMM06=00007ffd16c6b4a0 00007ffd16c6b320 XMM07=00007ffd16c6b360 00007ffd16c6b340
XMM08=0000000000000000 0000000000000000 XMM09=0000000000000000 00007fce04612c91
XMM10=0000000000000000 0000000000000000 XMM11=0000000000000000 0000000000000000
XMM12=0000000000000000 0000000000000000 XMM13=0000000000000000 0000000000000000
XMM14=0000000000000000 0000000000000000 XMM15=0000000000000000 0000000000000000
info registers vcpu 1

CPU#1
RAX=0000000000000000 RBX=ffff888022573980 RCX=ffffffff822160f2 RDX=0000000080000000
RSI=ffff888022573980 RDI=0000000000000002 RBP=ffffffff822160fb RSP=ffffc90001fc7718
R8 =fffff9400013afe1 R9 =fffff9400013afe1 R10=fffff9400013afe0 R11=ffffea00009d7f07
R12=0000000000000000 R13=ffffc90001fc7870 R14=ffffea00009d7f00 R15=ffffc90001fc7870
RIP=ffffffff81ba3cf0 RFL=00000293 [--S-A-C] CPL=0 II=0 A20=1 SMM=0 HLT=0
ES =0000 0000000000000000 ffffffff 00c00000
CS =0010 0000000000000000 ffffffff 00a09b00 DPL=0 CS64 [-RA]
SS =0000 0000000000000000 ffffffff 00c00000
DS =0000 0000000000000000 ffffffff 00c00000
FS =0000 00007f20d37f5900 ffffffff 00c00000
GS =0000 ffff8880eb0bc000 ffffffff 00c00000
LDT=0000 0000000000000000 00000000 00000000
TR =0040 fffffe000004a000 00004087 00008b00 DPL=0 TSS64-busy
GDT=     fffffe0000048000 0000007f
IDT=     fffffe0000000000 00000fff
CR0=80050033 CR2=00007f20d31769c8 CR3=000000004ad42000 CR4=00002ef0
DR0=0000000000000000 DR1=0000000000000000 DR2=0000000000000000 DR3=0000000000000000 
DR6=00000000ffff0ff0 DR7=0000000000000400
EFER=0000000000000d01
FCW=037f FSW=0000 [ST=0] FTW=00 MXCSR=00001f80
FPR0=0000000000000000 0000 FPR1=0000000000000000 0000
FPR2=0000000000000000 0000 FPR3=0000000000000000 0000
FPR4=0000000000000000 0000 FPR5=0000000000000000 0000
FPR6=0000000000000000 0000 FPR7=0000000000000000 0000
XMM00=ffffffffffffffff ffffffffffffffff XMM01=0000000000000000 0000000000000000
XMM02=0000000000000000 0000000000001000 XMM03=0000000000000000 0000000000800000
XMM04=b097ad874b8ee8d6 00000000000aef98 XMM05=b8952508528989a9 000000000010e488
XMM06=b8ee688d492446a7 000000000010e438 XMM07=e11fd8af80efa003 000000000010e3d0
XMM08=8ca0b852b1c7c8e1 00000000000b04f0 XMM09=0707505151515151 685b070724110022
XMM10=6b07070707070707 0707075051515151 XMM11=0000000000000000 0000000000000000
XMM12=0000000000000000 0000000000000000 XMM13=0000000000000000 0000000000000000
XMM14=0000000000000000 0000000000000000 XMM15=0000000000000000 0000000000000000
