Warning: Permanently added '[localhost]:38012' (ED25519) to the list of known hosts.
2025/07/10 10:24:24 ignoring optional flag "sandboxArg"="0"
2025/07/10 10:24:27 parsed 1 programs
syzkaller login: [  137.839650][ T9788] cgroup: Unknown subsys name 'net'
[  137.941815][ T9788] cgroup: Unknown subsys name 'cpuset'
[  137.951982][ T9788] cgroup: Unknown subsys name 'rlimit'
[  141.080200][ T9788] Adding 124996k swap on ./swap-file.  Priority:0 extents:1 across:124996k 
[  146.200465][ T9803] chnl_net:caif_netlink_parms(): no params data found
[  146.396296][ T9803] bridge0: port 1(bridge_slave_0) entered blocking state
[  146.398552][ T9803] bridge0: port 1(bridge_slave_0) entered disabled state
[  146.399873][ T9803] bridge_slave_0: entered allmulticast mode
[  146.402758][ T9803] bridge_slave_0: entered promiscuous mode
[  146.409982][ T9803] bridge0: port 2(bridge_slave_1) entered blocking state
[  146.411296][ T9803] bridge0: port 2(bridge_slave_1) entered disabled state
[  146.412619][ T9803] bridge_slave_1: entered allmulticast mode
[  146.415337][ T9803] bridge_slave_1: entered promiscuous mode
[  146.481180][ T9803] bond0: (slave bond_slave_0): Enslaving as an active interface with an up link
[  146.499397][ T9803] bond0: (slave bond_slave_1): Enslaving as an active interface with an up link
[  146.626691][ T9803] team0: Port device team_slave_0 added
[  146.641311][ T9803] team0: Port device team_slave_1 added
[  146.730701][ T9803] batman_adv: batadv0: Adding interface: batadv_slave_0
[  146.731956][ T9803] batman_adv: batadv0: The MTU of interface batadv_slave_0 is too small (1500) to handle the transport of batman-adv packets. Packets going over this interface will be fragmented on layer2 which could impact the performance. Setting the MTU to 1560 would solve the problem.
[  146.736062][ T9803] batman_adv: batadv0: Not using interface batadv_slave_0 (retrying later): interface not active
[  146.742360][ T9803] batman_adv: batadv0: Adding interface: batadv_slave_1
[  146.743550][ T9803] batman_adv: batadv0: The MTU of interface batadv_slave_1 is too small (1500) to handle the transport of batman-adv packets. Packets going over this interface will be fragmented on layer2 which could impact the performance. Setting the MTU to 1560 would solve the problem.
[  146.749188][ T9803] batman_adv: batadv0: Not using interface batadv_slave_1 (retrying later): interface not active
[  146.822846][ T9803] hsr_slave_0: entered promiscuous mode
[  146.824970][ T9803] hsr_slave_1: entered promiscuous mode
[  147.080906][ T9803] netdevsim netdevsim0 netdevsim0: renamed from eth0
[  147.095578][ T9803] netdevsim netdevsim0 netdevsim1: renamed from eth1
[  147.116370][ T9803] netdevsim netdevsim0 netdevsim2: renamed from eth2
[  147.123891][ T9803] netdevsim netdevsim0 netdevsim3: renamed from eth3
[  147.244114][ T9803] 8021q: adding VLAN 0 to HW filter on device bond0
[  147.264186][ T9803] 8021q: adding VLAN 0 to HW filter on device team0
[  147.274175][   T85] bridge0: port 1(bridge_slave_0) entered blocking state
[  147.275721][   T85] bridge0: port 1(bridge_slave_0) entered forwarding state
[  147.289031][   T85] bridge0: port 2(bridge_slave_1) entered blocking state
[  147.290337][   T85] bridge0: port 2(bridge_slave_1) entered forwarding state
[  147.554639][ T9803] 8021q: adding VLAN 0 to HW filter on device batadv0
[  147.609197][ T9803] veth0_vlan: entered promiscuous mode
[  147.618532][ T9803] veth1_vlan: entered promiscuous mode
[  147.650463][ T9803] veth0_macvtap: entered promiscuous mode
[  147.655969][ T9803] veth1_macvtap: entered promiscuous mode
[  147.678788][ T9803] batman_adv: batadv0: Interface activated: batadv_slave_0
[  147.690258][ T9803] batman_adv: batadv0: Interface activated: batadv_slave_1
[  147.697199][ T9803] netdevsim netdevsim0 netdevsim0: set [1, 0] type 2 family 0 port 6081 - 0
[  147.698705][ T9803] netdevsim netdevsim0 netdevsim1: set [1, 0] type 2 family 0 port 6081 - 0
[  147.700144][ T9803] netdevsim netdevsim0 netdevsim2: set [1, 0] type 2 family 0 port 6081 - 0
[  147.701490][ T9803] netdevsim netdevsim0 netdevsim3: set [1, 0] type 2 family 0 port 6081 - 0
[  148.031501][ T9650] netdevsim netdevsim0 netdevsim3 (unregistering): unset [1, 0] type 2 family 0 port 6081 - 0
[  148.106890][ T9650] netdevsim netdevsim0 netdevsim2 (unregistering): unset [1, 0] type 2 family 0 port 6081 - 0
[  148.183277][ T9650] netdevsim netdevsim0 netdevsim1 (unregistering): unset [1, 0] type 2 family 0 port 6081 - 0
[  148.298378][ T9650] netdevsim netdevsim0 netdevsim0 (unregistering): unset [1, 0] type 2 family 0 port 6081 - 0
[  148.918118][  T546] wlan0: Created IBSS using preconfigured BSSID 50:50:50:50:50:50
[  148.919715][  T546] wlan0: Creating new IBSS network, BSSID 50:50:50:50:50:50
[  149.024406][   T53] wlan1: Created IBSS using preconfigured BSSID 50:50:50:50:50:50
[  149.025836][   T53] wlan1: Creating new IBSS network, BSSID 50:50:50:50:50:50
[  150.939500][ T9650] bridge_slave_1: left allmulticast mode
[  150.940685][ T9650] bridge_slave_1: left promiscuous mode
[  150.942873][ T9650] bridge0: port 2(bridge_slave_1) entered disabled state
[  151.011934][ T9650] bridge_slave_0: left allmulticast mode
[  151.013016][ T9650] bridge_slave_0: left promiscuous mode
[  151.014195][ T9650] bridge0: port 1(bridge_slave_0) entered disabled state
[  151.379683][ T9650] bond0 (unregistering): (slave bond_slave_0): Releasing backup interface
[  151.384782][ T9650] bond0 (unregistering): (slave bond_slave_1): Releasing backup interface
[  151.388372][ T9650] bond0 (unregistering): Released all slaves
[  151.515560][ T9650] hsr_slave_0: left promiscuous mode
[  151.530997][ T9650] hsr_slave_1: left promiscuous mode
[  151.532835][ T9650] batman_adv: batadv0: Interface deactivated: batadv_slave_0
[  151.534102][ T9650] batman_adv: batadv0: Removing interface: batadv_slave_0
[  151.540885][ T9650] batman_adv: batadv0: Interface deactivated: batadv_slave_1
[  151.542144][ T9650] batman_adv: batadv0: Removing interface: batadv_slave_1
[  151.566771][ T9650] veth1_macvtap: left promiscuous mode
[  151.577261][ T9650] veth0_macvtap: left promiscuous mode
[  151.578498][ T9650] veth1_vlan: left promiscuous mode
[  151.579571][ T9650] veth0_vlan: left promiscuous mode
[  152.019807][ T9650] team0 (unregistering): Port device team_slave_1 removed
[  152.046806][ T9650] team0 (unregistering): Port device team_slave_0 removed
[  154.821447][   T55] Bluetooth: hci0: unexpected cc 0x0c03 length: 249 > 1
[  154.825126][   T55] Bluetooth: hci0: unexpected cc 0x1003 length: 249 > 9
[  154.826950][   T55] Bluetooth: hci0: unexpected cc 0x1001 length: 249 > 9
[  154.831337][   T55] Bluetooth: hci0: unexpected cc 0x0c23 length: 249 > 4
[  154.833636][   T55] Bluetooth: hci0: unexpected cc 0x0c38 length: 249 > 2
2025/07/10 10:24:51 executed programs: 0
[  155.906382][   T55] Bluetooth: hci0: unexpected cc 0x0c03 length: 249 > 1
[  155.909545][   T55] Bluetooth: hci0: unexpected cc 0x1003 length: 249 > 9
[  155.911409][   T55] Bluetooth: hci0: unexpected cc 0x1001 length: 249 > 9
[  155.913755][   T55] Bluetooth: hci0: unexpected cc 0x0c23 length: 249 > 4
[  155.915741][   T55] Bluetooth: hci0: unexpected cc 0x0c38 length: 249 > 2
[  156.251298][T10578] chnl_net:caif_netlink_parms(): no params data found
[  156.482221][T10578] bridge0: port 1(bridge_slave_0) entered blocking state
[  156.483989][T10578] bridge0: port 1(bridge_slave_0) entered disabled state
[  156.485512][T10578] bridge_slave_0: entered allmulticast mode
[  156.492471][T10578] bridge_slave_0: entered promiscuous mode
[  156.498664][T10578] bridge0: port 2(bridge_slave_1) entered blocking state
[  156.500335][T10578] bridge0: port 2(bridge_slave_1) entered disabled state
[  156.501563][T10578] bridge_slave_1: entered allmulticast mode
[  156.504339][T10578] bridge_slave_1: entered promiscuous mode
[  156.562183][T10578] bond0: (slave bond_slave_0): Enslaving as an active interface with an up link
[  156.569234][T10578] bond0: (slave bond_slave_1): Enslaving as an active interface with an up link
[  156.623377][T10578] team0: Port device team_slave_0 added
[  156.628523][T10578] team0: Port device team_slave_1 added
[  156.681515][T10578] batman_adv: batadv0: Adding interface: batadv_slave_0
[  156.682734][T10578] batman_adv: batadv0: The MTU of interface batadv_slave_0 is too small (1500) to handle the transport of batman-adv packets. Packets going over this interface will be fragmented on layer2 which could impact the performance. Setting the MTU to 1560 would solve the problem.
[  156.686713][T10578] batman_adv: batadv0: Not using interface batadv_slave_0 (retrying later): interface not active
[  156.690579][T10578] batman_adv: batadv0: Adding interface: batadv_slave_1
[  156.691699][T10578] batman_adv: batadv0: The MTU of interface batadv_slave_1 is too small (1500) to handle the transport of batman-adv packets. Packets going over this interface will be fragmented on layer2 which could impact the performance. Setting the MTU to 1560 would solve the problem.
[  156.695635][T10578] batman_adv: batadv0: Not using interface batadv_slave_1 (retrying later): interface not active
[  156.764802][T10578] hsr_slave_0: entered promiscuous mode
[  156.768623][T10578] hsr_slave_1: entered promiscuous mode
[  157.296287][T10578] netdevsim netdevsim0 netdevsim0: renamed from eth0
[  157.304180][T10578] netdevsim netdevsim0 netdevsim1: renamed from eth1
[  157.313014][T10578] netdevsim netdevsim0 netdevsim2: renamed from eth2
[  157.321009][T10578] netdevsim netdevsim0 netdevsim3: renamed from eth3
[  157.429069][T10578] 8021q: adding VLAN 0 to HW filter on device bond0
[  157.450426][T10578] 8021q: adding VLAN 0 to HW filter on device team0
[  157.459976][   T85] bridge0: port 1(bridge_slave_0) entered blocking state
[  157.461206][   T85] bridge0: port 1(bridge_slave_0) entered forwarding state
[  157.471904][   T85] bridge0: port 2(bridge_slave_1) entered blocking state
[  157.473186][   T85] bridge0: port 2(bridge_slave_1) entered forwarding state
[  157.716457][T10578] 8021q: adding VLAN 0 to HW filter on device batadv0
[  157.800290][T10578] veth0_vlan: entered promiscuous mode
[  157.817545][T10578] veth1_vlan: entered promiscuous mode
[  157.863604][T10578] veth0_macvtap: entered promiscuous mode
[  157.875752][T10578] veth1_macvtap: entered promiscuous mode
[  157.899291][T10578] batman_adv: batadv0: Interface activated: batadv_slave_0
[  157.914333][T10578] batman_adv: batadv0: Interface activated: batadv_slave_1
[  157.930992][T10578] netdevsim netdevsim0 netdevsim0: set [1, 0] type 2 family 0 port 6081 - 0
[  157.934474][T10578] netdevsim netdevsim0 netdevsim1: set [1, 0] type 2 family 0 port 6081 - 0
[  157.936215][T10578] netdevsim netdevsim0 netdevsim2: set [1, 0] type 2 family 0 port 6081 - 0
[  157.939023][T10578] netdevsim netdevsim0 netdevsim3: set [1, 0] type 2 family 0 port 6081 - 0
[  157.982074][   T55] Bluetooth: hci0: command tx timeout
[  158.087653][   T34] wlan0: Created IBSS using preconfigured BSSID 50:50:50:50:50:50
[  158.089183][   T34] wlan0: Creating new IBSS network, BSSID 50:50:50:50:50:50
[  158.141755][   T34] wlan1: Created IBSS using preconfigured BSSID 50:50:50:50:50:50
[  158.143111][   T34] wlan1: Creating new IBSS network, BSSID 50:50:50:50:50:50
[  158.220748][ T1326] ieee802154 phy0 wpan0: encryption failed: -22
[  158.222122][ T1326] ieee802154 phy1 wpan1: encryption failed: -22
[  158.496944][T10944] loop0: detected capacity change from 0 to 32768
[  158.516041][T10944] (syz.0.16,10944,1):ocfs2_read_locked_inode:550 ERROR: bug expression: !!(fe->i_flags & cpu_to_le32(OCFS2_SYSTEM_FL)) != !!(args->fi_flags & OCFS2_FI_FLAG_SYSFILE)
[  158.519004][T10944] (syz.0.16,10944,1):ocfs2_read_locked_inode:550 ERROR: Inode 70: system file state is ambiguous
[  158.521272][T10944] ------------[ cut here ]------------
[  158.522210][T10944] kernel BUG at fs/ocfs2/inode.c:550!
[  158.523209][T10944] Oops: invalid opcode: 0000 [#1] SMP KASAN PTI
[  158.524353][T10944] CPU: 1 UID: 0 PID: 10944 Comm: syz.0.16 Not tainted 6.16.0-rc5 #1 PREEMPT(full) 
[  158.526117][T10944] Hardware name: QEMU Standard PC (i440FX + PIIX, 1996), BIOS 1.16.2-debian-1.16.2-1 04/01/2014
[  158.529071][T10944] RIP: 0010:ocfs2_read_locked_inode+0x11d0/0x12f0
[  158.530592][T10944] Code: 80 3c 02 00 0f 85 c0 00 00 00 4d 8b 04 24 ba 26 02 00 00 48 89 df 48 c7 c1 40 f8 f5 8b 48 c7 c6 c0 fc f5 8b e8 61 69 15 00 90 <0f> 0b e8 59 cc 73 fe e9 60 f0 ff ff e8 7f cc 73 fe e9 a6 f7 ff ff
[  158.533653][T10944] RSP: 0018:ffffc900068bf610 EFLAGS: 00010246
[  158.534640][T10944] RAX: 0000000000000000 RBX: ffffc900068bf698 RCX: 0000000000000000
[  158.535962][T10944] RDX: 0000000080000000 RSI: ffff88804136d640 RDI: 0000000000000002
[  158.537273][T10944] RBP: 1000000000000000 R08: ffffed100fdc4842 R09: ffffed100fdc4842
[  158.538585][T10944] R10: ffffed100ab18a00 R11: ffff88807ee2420b R12: ffffc900068bf788
[  158.539933][T10944] R13: 0000000000000000 R14: 0000000000000001 R15: ffff8880514fc000
[  158.541216][T10944] FS:  00005555922b0500(0000) GS:ffff8880eb0bc000(0000) knlGS:0000000000000000
[  158.542867][T10944] CS:  0010 DS: 0000 ES: 0000 CR0: 0000000080050033
[  158.544113][T10944] CR2: 00007f02296225b0 CR3: 000000004b2aa000 CR4: 0000000000002ef0
[  158.545646][T10944] Call Trace:
[  158.546263][T10944]  <TASK>
[  158.546752][T10944]  ? __pfx_ocfs2_read_locked_inode+0x10/0x10
[  158.547829][T10944]  ? ocfs2_get_system_file_inode+0x4fb/0x860
[  158.548835][T10944]  ? __pfx_vsnprintf+0x10/0x10
[  158.549673][T10944]  ocfs2_iget+0x912/0xb40
[  158.550423][T10944]  ? __pfx_ocfs2_iget+0x10/0x10
[  158.551300][T10944]  ? ocfs2_lookup_ino_from_name+0x9c/0xd0
[  158.552232][T10944]  ? __pfx_ocfs2_lookup_ino_from_name+0x10/0x10
[  158.553289][T10944]  ocfs2_get_system_file_inode+0x3a6/0x860
[  158.554243][T10944]  ? __pfx_ocfs2_get_system_file_inode+0x10/0x10
[  158.555453][T10944]  ? __sanitizer_cov_trace_pc+0x20/0x50
[  158.556436][T10944]  ? ocfs2_iget+0x430/0xb40
[  158.557186][T10944]  ? __pfx_ocfs2_iget+0x10/0x10
[  158.558106][T10944]  ? write_comp_data+0x29/0x80
[  158.559128][T10944]  ? __sanitizer_cov_trace_pc+0x20/0x50
[  158.560282][T10944]  ? trim_marked+0x474/0x660
[  158.561179][T10944]  ? write_comp_data+0x29/0x80
[  158.562039][T10944]  ? __sanitizer_cov_trace_pc+0x20/0x50
[  158.562990][T10944]  ocfs2_initialize_super.isra.125+0x277d/0x3280
[  158.564389][T10944]  ? __pfx_ocfs2_initialize_super.isra.125+0x10/0x10
[  158.565456][T10944]  ? write_comp_data+0x29/0x80
[  158.566331][T10944]  ? lockdep_init_map_type+0x4a/0x280
[  158.567497][T10944]  ocfs2_fill_super+0x3f7/0x2e70
[  158.568577][T10944]  ? __pfx_ocfs2_fill_super+0x10/0x10
[  158.569656][T10944]  ? snprintf+0xb1/0xe0
[  158.570365][T10944]  ? __sanitizer_cov_trace_pc+0x20/0x50
[  158.571312][T10944]  ? sb_set_blocksize+0x176/0x1d0
[  158.572177][T10944]  ? __sanitizer_cov_trace_pc+0x20/0x50
[  158.573120][T10944]  ? setup_bdev_super+0x115/0x720
[  158.574297][T10944]  get_tree_bdev_flags+0x39f/0x630
[  158.575140][T10944]  ? __pfx_ocfs2_fill_super+0x10/0x10
[  158.576323][T10944]  ? __pfx_get_tree_bdev_flags+0x10/0x10
[  158.577414][T10944]  ? write_comp_data+0x29/0x80
[  158.578239][T10944]  ? __sanitizer_cov_trace_pc+0x20/0x50
[  158.579220][T10944]  ? write_comp_data+0x29/0x80
[  158.580066][T10944]  ? __sanitizer_cov_trace_pc+0x20/0x50
[  158.580962][T10944]  ? write_comp_data+0x29/0x80
[  158.581767][T10944]  vfs_get_tree+0x8e/0x340
[  158.582610][T10944]  path_mount+0x11aa/0x1c20
[  158.583452][T10944]  ? __pfx_path_mount+0x10/0x10
[  158.584266][T10944]  ? kmem_cache_free+0x12c/0x470
[  158.585141][T10944]  ? putname.part.25+0x124/0x160
[  158.586165][T10944]  ? putname.part.25+0x124/0x160
[  158.587216][T10944]  ? __sanitizer_cov_trace_pc+0x20/0x50
[  158.588151][T10944]  do_mount+0xb3/0x110
[  158.588823][T10944]  ? __pfx_do_mount+0x10/0x10
[  158.589591][T10944]  ? __sanitizer_cov_trace_pc+0x20/0x50
[  158.590529][T10944]  ? __sanitizer_cov_trace_pc+0x20/0x50
[  158.591654][T10944]  __x64_sys_mount+0x1dd/0x220
[  158.592456][T10944]  do_syscall_64+0xcf/0x490
[  158.593470][T10944]  entry_SYSCALL_64_after_hwframe+0x77/0x7f
[  158.594780][T10944] RIP: 0033:0x7f4dc41902da
[  158.595712][T10944] Code: 48 c7 c2 a8 ff ff ff f7 d8 64 89 02 48 c7 c0 ff ff ff ff eb 93 e8 d6 1a 00 00 66 0f 1f 44 00 00 49 89 ca b8 a5 00 00 00 0f 05 <48> 3d 01 f0 ff ff 73 01 c3 48 c7 c1 a8 ff ff ff f7 d8 64 89 01 48
[  158.599362][T10944] RSP: 002b:00007ffdfd31a9c8 EFLAGS: 00000246 ORIG_RAX: 00000000000000a5
[  158.600756][T10944] RAX: ffffffffffffffda RBX: 00007ffdfd31aa50 RCX: 00007f4dc41902da
[  158.602057][T10944] RDX: 0000200000004500 RSI: 0000200000004540 RDI: 00007ffdfd31aa10
[  158.603408][T10944] RBP: 0000200000004500 R08: 00007ffdfd31aa50 R09: 0000000000008082
[  158.604672][T10944] R10: 0000000000008082 R11: 0000000000000246 R12: 0000200000004540
[  158.605919][T10944] R13: 00007ffdfd31aa10 R14: 00000000000044fe R15: 0000200000000000
[  158.607284][T10944]  </TASK>
[  158.607828][T10944] Modules linked in:
[  158.609134][T10944] ---[ end trace 0000000000000000 ]---
[  158.615743][T10944] RIP: 0010:ocfs2_read_locked_inode+0x11d0/0x12f0
[  158.616877][T10944] Code: 80 3c 02 00 0f 85 c0 00 00 00 4d 8b 04 24 ba 26 02 00 00 48 89 df 48 c7 c1 40 f8 f5 8b 48 c7 c6 c0 fc f5 8b e8 61 69 15 00 90 <0f> 0b e8 59 cc 73 fe e9 60 f0 ff ff e8 7f cc 73 fe e9 a6 f7 ff ff
[  158.621050][T10944] RSP: 0018:ffffc900068bf610 EFLAGS: 00010246
[  158.622046][T10944] RAX: 0000000000000000 RBX: ffffc900068bf698 RCX: 0000000000000000
[  158.623410][T10944] RDX: 0000000080000000 RSI: ffff88804136d640 RDI: 0000000000000002
[  158.624656][T10944] RBP: 1000000000000000 R08: ffffed100fdc4842 R09: ffffed100fdc4842
[  158.625965][T10944] R10: ffffed100ab18a00 R11: ffff88807ee2420b R12: ffffc900068bf788
[  158.627664][T10944] R13: 0000000000000000 R14: 0000000000000001 R15: ffff8880514fc000
[  158.628982][T10944] FS:  00005555922b0500(0000) GS:ffff8880eb0bc000(0000) knlGS:0000000000000000
[  158.630365][T10944] CS:  0010 DS: 0000 ES: 0000 CR0: 0000000080050033
[  158.631468][T10944] CR2: 00007f02296225b0 CR3: 000000004b2aa000 CR4: 0000000000002ef0
[  158.632736][T10944] Kernel panic - not syncing: Fatal exception
[  158.634178][T10944] Kernel Offset: disabled
[  158.634873][T10944] Rebooting in 86400 seconds..

VM DIAGNOSIS:
10:24:54  Registers:
info registers vcpu 0

CPU#0
RAX=0000000000000007 RBX=ffffffff90b3e994 RCX=ffffffff8100012f RDX=ffffffff810001cc
RSI=ffffffff913724d6 RDI=ffffffff90b3e954 RBP=ffffffff90b3e954 RSP=ffffc90008c5ede0
R8 =0000000000000021 R9 =0000000000000000 R10=00000000000a8518 R11=0000000000000003
R12=ffffffff90b3e9d8 R13=ffffffff90b3e954 R14=dffffc0000000000 R15=ffffffff90b3e954
RIP=ffffffff8169c4eb RFL=00000087 [--S--PC] CPL=0 II=0 A20=1 SMM=0 HLT=0
ES =0000 0000000000000000 ffffffff 00c00100
CS =0010 0000000000000000 ffffffff 00a09b00 DPL=0 CS64 [-RA]
SS =0018 0000000000000000 ffffffff 00c09300 DPL=0 DS   [-WA]
DS =0000 0000000000000000 ffffffff 00c00100
FS =0000 00007f3f48f1b8c0 ffffffff 00c00100
GS =0000 ffff8880978bc000 ffffffff 00c00100
LDT=0000 0000000000000000 ffffffff 00c00000
TR =0040 fffffe0000003000 00004087 00008b00 DPL=0 TSS64-busy
GDT=     fffffe0000001000 0000007f
IDT=     fffffe0000000000 00000fff
CR0=80050033 CR2=0000562513363000 CR3=0000000052f52000 CR4=00002ef0
DR0=0000000000000000 DR1=0000000000000000 DR2=0000000000000000 DR3=0000000000000000 
DR6=00000000ffff0ff0 DR7=0000000000000400
EFER=0000000000000d01
FCW=037f FSW=0000 [ST=0] FTW=00 MXCSR=00001f80
FPR0=0000000000000000 0000 FPR1=0000000000000000 0000
FPR2=0000000000000000 0000 FPR3=0000000000000000 0000
FPR4=0000000000000000 0000 FPR5=0000000000000000 0000
FPR6=0000000000000000 0000 FPR7=0000000000000000 0000
XMM00=0000000000000000 0000000000000000 XMM01=2073692073696874 0202020202020202
XMM02=00180a4f1f0b4811 706d767167776e60 XMM03=00000000000000ff ffffffffffffffff
XMM04=0000000000000000 0000000000000000 XMM05=ffff000000000000 ffff000000000000
XMM06=ffff0000ff000000 0000000000000000 XMM07=0000000000000000 0000000000000000
XMM08=0000000000000020 0000562513280100 XMM09=646432417744c474 6464324177448834
XMM10=6464646464646455 6464646464645455 XMM11=0000000000000000 0000000000000000
XMM12=0000000000000000 0000000000000000 XMM13=0000000000000000 0000000000000000
XMM14=0000000000000000 0000000000000000 XMM15=0000000000000000 0000000000000000
info registers vcpu 1

CPU#1
RAX=dffffc0000000060 RBX=0000000000000005 RCX=0000000000000000 RDX=00000000000003fd
RSI=ffff88804136d640 RDI=ffffffff9b10f980 RBP=ffffffff9b10f940 RSP=ffffc900068beda8
R8 =ffffed1008c5e047 R9 =ffffed1008c5e047 R10=ffffed1008c5e046 R11=ffff8880462f0237
R12=0000000000000000 R13=0000000000000020 R14=fffffbfff3621f82 R15=dffffc0000000000
RIP=ffffffff855c70c7 RFL=00000002 [-------] CPL=0 II=0 A20=1 SMM=0 HLT=0
ES =0000 0000000000000000 ffffffff 00c00000
CS =0010 0000000000000000 ffffffff 00a09b00 DPL=0 CS64 [-RA]
SS =0018 0000000000000000 ffffffff 00c09300 DPL=0 DS   [-WA]
DS =0000 0000000000000000 ffffffff 00c00000
FS =0000 00005555922b0500 ffffffff 00c00000
GS =0000 ffff8880eb0bc000 ffffffff 00c00000
LDT=0000 0000000000000000 00000000 00000000
TR =0040 fffffe000004a000 00004087 00008b00 DPL=0 TSS64-busy
GDT=     fffffe0000048000 0000007f
IDT=     fffffe0000000000 00000fff
CR0=80050033 CR2=00007f02296225b0 CR3=000000004b2aa000 CR4=00002ef0
DR0=0000000000000000 DR1=0000000000000000 DR2=0000000000000000 DR3=0000000000000000 
DR6=00000000ffff0ff0 DR7=0000000000000400
EFER=0000000000000d01
FCW=037f FSW=0000 [ST=0] FTW=00 MXCSR=00001f80
FPR0=0000000000000000 0000 FPR1=0000000000000000 0000
FPR2=0000000000000000 0000 FPR3=0000000000000000 0000
FPR4=0000000000000000 0000 FPR5=0000000000000000 0000
FPR6=0000000000000000 0000 FPR7=0000000000000000 0000
XMM00=0000000000000000 0000000000000000 XMM01=ffffffffffffffff ffffffffffffffff
XMM02=0000000000000000 0000000000000000 XMM03=ffffffffffffffff ffffffffffffffff
XMM04=0000000000000000 00000000000000ff XMM05=0000000000000000 0000000000000000
XMM06=0000000000000000 0000000000000000 XMM07=0000000000000000 0000000000000000
XMM08=0000000000000000 0000000000000000 XMM09=0000000000000000 00007f4dc4212c91
XMM10=0000000000000000 0000000000000000 XMM11=0000000000000000 0000000000000000
XMM12=0000000000000000 0000000000000000 XMM13=0000000000000000 0000000000000000
XMM14=0000000000000000 0000000000000000 XMM15=0000000000000000 0000000000000000
