Warning: Permanently added '[localhost]:20605' (ED25519) to the list of known hosts.
2025/07/06 05:25:48 ignoring optional flag "sandboxArg"="0"
2025/07/06 05:25:51 parsed 1 programs
syzkaller login: [  139.806950][ T9757] cgroup: Unknown subsys name 'net'
[  139.993083][ T9757] cgroup: Unknown subsys name 'cpuset'
[  140.018272][ T9757] cgroup: Unknown subsys name 'rlimit'
[  143.306830][ T9757] Adding 124996k swap on ./swap-file.  Priority:0 extents:1 across:124996k 
[  152.336693][ T9942] chnl_net:caif_netlink_parms(): no params data found
[  152.552829][ T9942] bridge0: port 1(bridge_slave_0) entered blocking state
[  152.554936][ T9942] bridge0: port 1(bridge_slave_0) entered disabled state
[  152.556278][ T9942] bridge_slave_0: entered allmulticast mode
[  152.559328][ T9942] bridge_slave_0: entered promiscuous mode
[  152.564710][ T9942] bridge0: port 2(bridge_slave_1) entered blocking state
[  152.566033][ T9942] bridge0: port 2(bridge_slave_1) entered disabled state
[  152.567324][ T9942] bridge_slave_1: entered allmulticast mode
[  152.571080][ T9942] bridge_slave_1: entered promiscuous mode
[  152.639644][ T9942] bond0: (slave bond_slave_0): Enslaving as an active interface with an up link
[  152.649470][ T9942] bond0: (slave bond_slave_1): Enslaving as an active interface with an up link
[  152.730697][ T9942] team0: Port device team_slave_0 added
[  152.736883][ T9942] team0: Port device team_slave_1 added
[  152.849778][ T9942] batman_adv: batadv0: Adding interface: batadv_slave_0
[  152.852669][ T9942] batman_adv: batadv0: The MTU of interface batadv_slave_0 is too small (1500) to handle the transport of batman-adv packets. Packets going over this interface will be fragmented on layer2 which could impact the performance. Setting the MTU to 1560 would solve the problem.
[  152.860065][ T9942] batman_adv: batadv0: Not using interface batadv_slave_0 (retrying later): interface not active
[  152.868034][ T9942] batman_adv: batadv0: Adding interface: batadv_slave_1
[  152.869681][ T9942] batman_adv: batadv0: The MTU of interface batadv_slave_1 is too small (1500) to handle the transport of batman-adv packets. Packets going over this interface will be fragmented on layer2 which could impact the performance. Setting the MTU to 1560 would solve the problem.
[  152.875130][ T9942] batman_adv: batadv0: Not using interface batadv_slave_1 (retrying later): interface not active
[  153.004973][ T9942] hsr_slave_0: entered promiscuous mode
[  153.008578][ T9942] hsr_slave_1: entered promiscuous mode
[  153.362322][ T9942] netdevsim netdevsim0 netdevsim0: renamed from eth0
[  153.376806][ T9942] netdevsim netdevsim0 netdevsim1: renamed from eth1
[  153.384087][ T9942] netdevsim netdevsim0 netdevsim2: renamed from eth2
[  153.398523][ T9942] netdevsim netdevsim0 netdevsim3: renamed from eth3
[  153.559230][ T9942] 8021q: adding VLAN 0 to HW filter on device bond0
[  153.584101][ T9942] 8021q: adding VLAN 0 to HW filter on device team0
[  153.594651][   T65] bridge0: port 1(bridge_slave_0) entered blocking state
[  153.596665][   T65] bridge0: port 1(bridge_slave_0) entered forwarding state
[  153.614136][ T4433] bridge0: port 2(bridge_slave_1) entered blocking state
[  153.615549][ T4433] bridge0: port 2(bridge_slave_1) entered forwarding state
[  153.953312][ T9942] 8021q: adding VLAN 0 to HW filter on device batadv0
[  154.003393][ T9942] veth0_vlan: entered promiscuous mode
[  154.012701][ T9942] veth1_vlan: entered promiscuous mode
[  154.050861][ T9942] veth0_macvtap: entered promiscuous mode
[  154.062165][ T9942] veth1_macvtap: entered promiscuous mode
[  154.163950][ T9942] batman_adv: batadv0: Interface activated: batadv_slave_0
[  154.176121][ T9942] batman_adv: batadv0: Interface activated: batadv_slave_1
[  154.182933][ T9942] netdevsim netdevsim0 netdevsim0: set [1, 0] type 2 family 0 port 6081 - 0
[  154.184402][ T9942] netdevsim netdevsim0 netdevsim1: set [1, 0] type 2 family 0 port 6081 - 0
[  154.185858][ T9942] netdevsim netdevsim0 netdevsim2: set [1, 0] type 2 family 0 port 6081 - 0
[  154.187230][ T9942] netdevsim netdevsim0 netdevsim3: set [1, 0] type 2 family 0 port 6081 - 0
[  154.464346][T10189] netdevsim netdevsim0 netdevsim3 (unregistering): unset [1, 0] type 2 family 0 port 6081 - 0
[  154.621555][T10189] netdevsim netdevsim0 netdevsim2 (unregistering): unset [1, 0] type 2 family 0 port 6081 - 0
[  154.684949][T10189] netdevsim netdevsim0 netdevsim1 (unregistering): unset [1, 0] type 2 family 0 port 6081 - 0
[  154.786617][T10189] netdevsim netdevsim0 netdevsim0 (unregistering): unset [1, 0] type 2 family 0 port 6081 - 0
[  154.832824][ T1113] wlan0: Created IBSS using preconfigured BSSID 50:50:50:50:50:50
[  154.834282][ T1113] wlan0: Creating new IBSS network, BSSID 50:50:50:50:50:50
[  154.897648][ T1113] wlan1: Created IBSS using preconfigured BSSID 50:50:50:50:50:50
[  154.899005][ T1113] wlan1: Creating new IBSS network, BSSID 50:50:50:50:50:50
[  157.408827][T10189] bridge_slave_1: left allmulticast mode
[  157.410609][T10189] bridge_slave_1: left promiscuous mode
[  157.413789][T10189] bridge0: port 2(bridge_slave_1) entered disabled state
[  157.473693][T10189] bridge_slave_0: left allmulticast mode
[  157.475186][T10189] bridge_slave_0: left promiscuous mode
[  157.476913][T10189] bridge0: port 1(bridge_slave_0) entered disabled state
[  157.550706][ T5165] Bluetooth: hci0: unexpected cc 0x0c03 length: 249 > 1
[  157.553676][ T5165] Bluetooth: hci0: unexpected cc 0x1003 length: 249 > 9
[  157.555464][ T5165] Bluetooth: hci0: unexpected cc 0x1001 length: 249 > 9
[  157.598310][ T5165] Bluetooth: hci0: unexpected cc 0x0c23 length: 249 > 4
[  157.603679][ T5165] Bluetooth: hci0: unexpected cc 0x0c38 length: 249 > 2
[  157.950335][T10189] bond0 (unregistering): (slave bond_slave_0): Releasing backup interface
[  157.957108][T10189] bond0 (unregistering): (slave bond_slave_1): Releasing backup interface
[  157.962063][T10189] bond0 (unregistering): Released all slaves
[  158.195847][T10189] hsr_slave_0: left promiscuous mode
[  158.205608][T10189] hsr_slave_1: left promiscuous mode
[  158.207257][T10189] batman_adv: batadv0: Interface deactivated: batadv_slave_0
[  158.209074][T10189] batman_adv: batadv0: Removing interface: batadv_slave_0
[  158.211944][T10189] batman_adv: batadv0: Interface deactivated: batadv_slave_1
[  158.213269][T10189] batman_adv: batadv0: Removing interface: batadv_slave_1
[  158.231392][T10189] veth1_macvtap: left promiscuous mode
[  158.232563][T10189] veth0_macvtap: left promiscuous mode
[  158.233702][T10189] veth1_vlan: left promiscuous mode
[  158.235409][T10189] veth0_vlan: left promiscuous mode
[  158.324889][ T1327] ieee802154 phy0 wpan0: encryption failed: -22
[  158.326979][ T1327] ieee802154 phy1 wpan1: encryption failed: -22
[  158.766538][T10189] team0 (unregistering): Port device team_slave_1 removed
[  158.834405][T10189] team0 (unregistering): Port device team_slave_0 removed
[  159.678631][ T5165] Bluetooth: hci0: command tx timeout
2025/07/06 05:26:19 executed programs: 0
[  161.538748][   T55] Bluetooth: hci0: unexpected cc 0x0c03 length: 249 > 1
[  161.541958][   T55] Bluetooth: hci0: unexpected cc 0x1003 length: 249 > 9
[  161.543701][   T55] Bluetooth: hci0: unexpected cc 0x1001 length: 249 > 9
[  161.547793][   T55] Bluetooth: hci0: unexpected cc 0x0c23 length: 249 > 4
[  161.551087][   T55] Bluetooth: hci0: unexpected cc 0x0c38 length: 249 > 2
[  161.973955][T10563] chnl_net:caif_netlink_parms(): no params data found
[  162.101497][T10563] bridge0: port 1(bridge_slave_0) entered blocking state
[  162.103361][T10563] bridge0: port 1(bridge_slave_0) entered disabled state
[  162.104613][T10563] bridge_slave_0: entered allmulticast mode
[  162.109146][T10563] bridge_slave_0: entered promiscuous mode
[  162.112962][T10563] bridge0: port 2(bridge_slave_1) entered blocking state
[  162.114273][T10563] bridge0: port 2(bridge_slave_1) entered disabled state
[  162.115485][T10563] bridge_slave_1: entered allmulticast mode
[  162.118896][T10563] bridge_slave_1: entered promiscuous mode
[  162.170816][T10563] bond0: (slave bond_slave_0): Enslaving as an active interface with an up link
[  162.175912][T10563] bond0: (slave bond_slave_1): Enslaving as an active interface with an up link
[  162.233277][T10563] team0: Port device team_slave_0 added
[  162.238052][T10563] team0: Port device team_slave_1 added
[  162.316508][T10563] batman_adv: batadv0: Adding interface: batadv_slave_0
[  162.318082][T10563] batman_adv: batadv0: The MTU of interface batadv_slave_0 is too small (1500) to handle the transport of batman-adv packets. Packets going over this interface will be fragmented on layer2 which could impact the performance. Setting the MTU to 1560 would solve the problem.
[  162.326587][T10563] batman_adv: batadv0: Not using interface batadv_slave_0 (retrying later): interface not active
[  162.333368][T10563] batman_adv: batadv0: Adding interface: batadv_slave_1
[  162.334544][T10563] batman_adv: batadv0: The MTU of interface batadv_slave_1 is too small (1500) to handle the transport of batman-adv packets. Packets going over this interface will be fragmented on layer2 which could impact the performance. Setting the MTU to 1560 would solve the problem.
[  162.338813][T10563] batman_adv: batadv0: Not using interface batadv_slave_1 (retrying later): interface not active
[  162.410763][T10563] hsr_slave_0: entered promiscuous mode
[  162.412792][T10563] hsr_slave_1: entered promiscuous mode
[  162.976388][T10563] netdevsim netdevsim0 netdevsim0: renamed from eth0
[  162.983194][T10563] netdevsim netdevsim0 netdevsim1: renamed from eth1
[  162.988464][T10563] netdevsim netdevsim0 netdevsim2: renamed from eth2
[  162.993730][T10563] netdevsim netdevsim0 netdevsim3: renamed from eth3
[  163.094121][T10563] 8021q: adding VLAN 0 to HW filter on device bond0
[  163.113825][T10563] 8021q: adding VLAN 0 to HW filter on device team0
[  163.120771][   T27] bridge0: port 1(bridge_slave_0) entered blocking state
[  163.122065][   T27] bridge0: port 1(bridge_slave_0) entered forwarding state
[  163.132855][   T27] bridge0: port 2(bridge_slave_1) entered blocking state
[  163.134390][   T27] bridge0: port 2(bridge_slave_1) entered forwarding state
[  163.374542][T10563] 8021q: adding VLAN 0 to HW filter on device batadv0
[  163.421313][T10563] veth0_vlan: entered promiscuous mode
[  163.429632][T10563] veth1_vlan: entered promiscuous mode
[  163.459703][T10563] veth0_macvtap: entered promiscuous mode
[  163.466039][T10563] veth1_macvtap: entered promiscuous mode
[  163.485141][T10563] batman_adv: batadv0: Interface activated: batadv_slave_0
[  163.494546][T10563] batman_adv: batadv0: Interface activated: batadv_slave_1
[  163.501624][T10563] netdevsim netdevsim0 netdevsim0: set [1, 0] type 2 family 0 port 6081 - 0
[  163.503007][T10563] netdevsim netdevsim0 netdevsim1: set [1, 0] type 2 family 0 port 6081 - 0
[  163.504370][T10563] netdevsim netdevsim0 netdevsim2: set [1, 0] type 2 family 0 port 6081 - 0
[  163.505860][T10563] netdevsim netdevsim0 netdevsim3: set [1, 0] type 2 family 0 port 6081 - 0
[  163.592493][   T27] wlan0: Created IBSS using preconfigured BSSID 50:50:50:50:50:50
[  163.593867][   T27] wlan0: Creating new IBSS network, BSSID 50:50:50:50:50:50
[  163.597919][   T55] Bluetooth: hci0: command tx timeout
[  163.634502][ T1113] wlan1: Created IBSS using preconfigured BSSID 50:50:50:50:50:50
[  163.635789][ T1113] wlan1: Creating new IBSS network, BSSID 50:50:50:50:50:50
[  163.955350][T10936] loop0: detected capacity change from 0 to 32768
[  164.016765][T10936] ocfs2: Mounting device (7,0) on (node local, slot 0) with ordered data mode.
[  164.045224][T10936] ==================================================================
[  164.047887][T10936] BUG: KASAN: use-after-free in ocfs2_block_group_alloc+0x1c5a/0x1f30
[  164.050270][T10936] Read of size 4 at addr ffff888064fed004 by task syz.0.16/10936
[  164.052576][T10936] 
[  164.053890][T10936] CPU: 1 UID: 0 PID: 10936 Comm: syz.0.16 Not tainted 6.16.0-rc4 #1 PREEMPT(full) 
[  164.053944][T10936] Hardware name: QEMU Standard PC (i440FX + PIIX, 1996), BIOS 1.16.2-debian-1.16.2-1 04/01/2014
[  164.053988][T10936] Call Trace:
[  164.054007][T10936]  <TASK>
[  164.054025][T10936]  dump_stack_lvl+0x116/0x1b0
[  164.054125][T10936]  print_report+0xcd/0x640
[  164.054169][T10936]  ? __phys_addr+0xee/0x170
[  164.054234][T10936]  ? ocfs2_block_group_alloc+0x1c5a/0x1f30
[  164.054290][T10936]  kasan_report+0x96/0xd0
[  164.054331][T10936]  ? ocfs2_block_group_alloc+0x1c5a/0x1f30
[  164.054391][T10936]  ocfs2_block_group_alloc+0x1c5a/0x1f30
[  164.054451][T10936]  ? write_comp_data+0x29/0x80
[  164.054482][T10936]  ? __pfx_ocfs2_block_group_alloc+0x10/0x10
[  164.054514][T10936]  ? ocfs2_inode_lock_full_nested+0x417/0x1e20
[  164.054556][T10936]  ? __pfx_ocfs2_inode_lock_full_nested+0x10/0x10
[  164.054593][T10936]  ? down_write+0x183/0x1e0
[  164.054618][T10936]  ? __pfx_down_write+0x10/0x10
[  164.054646][T10936]  ocfs2_reserve_suballoc_bits+0x3c5/0xe60
[  164.054683][T10936]  ? __pfx_ocfs2_reserve_suballoc_bits+0x10/0x10
[  164.054716][T10936]  ? kasan_save_track+0x14/0x30
[  164.054753][T10936]  ? __kasan_kmalloc+0xaa/0xb0
[  164.054789][T10936]  ? __kmalloc_cache_noprof+0x1cb/0x3f0
[  164.054820][T10936]  ? ocfs2_reserve_new_metadata_blocks+0xee/0xab0
[  164.054857][T10936]  ocfs2_reserve_new_metadata_blocks+0x559/0xab0
[  164.054892][T10936]  ? __pfx_ocfs2_reserve_new_metadata_blocks+0x10/0x10
[  164.054927][T10936]  ? __pfx_ocfs2_read_blocks+0x10/0x10
[  164.054960][T10936]  ? __sanitizer_cov_trace_pc+0x20/0x50
[  164.054987][T10936]  ? __pfx_ocfs2_set_buffer_uptodate+0x10/0x10
[  164.055018][T10936]  ocfs2_lock_allocators+0x27b/0x5e0
[  164.055052][T10936]  ? __pfx_ocfs2_lock_allocators+0x10/0x10
[  164.055084][T10936]  ? __pfx_ocfs2_read_inode_block_full+0x10/0x10
[  164.055118][T10936]  ? ocfs2_get_clusters_nocache.isra.11+0x3b2/0x1260
[  164.055162][T10936]  ocfs2_extend_allocation+0x2b4/0x17d0
[  164.055189][T10936]  ? __pfx_ocfs2_read_blocks+0x10/0x10
[  164.055223][T10936]  ? write_comp_data+0x29/0x80
[  164.055247][T10936]  ? __pfx_ocfs2_extend_allocation+0x10/0x10
[  164.055273][T10936]  ? ocfs2_read_inode_block_full+0x104/0x180
[  164.055304][T10936]  ? __pfx_ocfs2_read_inode_block_full+0x10/0x10
[  164.055335][T10936]  ? ocfs2_get_clusters+0x20a/0xc10
[  164.055372][T10936]  ? write_comp_data+0x29/0x80
[  164.055397][T10936]  ? __brelse+0x8c/0xb0
[  164.055421][T10936]  ? ocfs2_get_clusters+0x78f/0xc10
[  164.055461][T10936]  ? __pfx_ocfs2_get_clusters+0x10/0x10
[  164.055498][T10936]  ? __pfx_stack_trace_save+0x10/0x10
[  164.055533][T10936]  ? check_noncircular+0x7f/0x150
[  164.055565][T10936]  ? lockdep_unlock+0x64/0xe0
[  164.055601][T10936]  ? save_trace+0x3d/0x2f0
[  164.055643][T10936]  ? __pfx_ocfs2_journal_access_di+0x10/0x10
[  164.055716][T10936]  ocfs2_allocate_unwritten_extents+0x240/0x740
[  164.055765][T10936]  ? __pfx_ocfs2_allocate_unwritten_extents+0x10/0x10
[  164.055825][T10936]  ? down_write+0x183/0x1e0
[  164.055863][T10936]  ? __pfx_down_write+0x10/0x10
[  164.055902][T10936]  ? write_comp_data+0x29/0x80
[  164.055949][T10936]  __ocfs2_change_file_space+0x923/0x1080
[  164.056001][T10936]  ? __pfx___ocfs2_change_file_space+0x10/0x10
[  164.056050][T10936]  ? __lock_acquire+0xb6b/0x1f10
[  164.056112][T10936]  ocfs2_fallocate+0x268/0x2f0
[  164.056156][T10936]  ? __pfx_ocfs2_fallocate+0x10/0x10
[  164.056201][T10936]  ? rcu_read_lock_any_held+0xd3/0x100
[  164.056257][T10936]  ? __pfx_rcu_read_lock_any_held+0x10/0x10
[  164.056314][T10936]  ? __pfx_ocfs2_fallocate+0x10/0x10
[  164.056358][T10936]  vfs_fallocate+0x584/0xff0
[  164.056403][T10936]  ? __pfx_vfs_fallocate+0x10/0x10
[  164.056445][T10936]  ? write_comp_data+0x29/0x80
[  164.056492][T10936]  ioctl_preallocate+0x180/0x1f0
[  164.056551][T10936]  ? __pfx_ioctl_preallocate+0x10/0x10
[  164.056611][T10936]  ? write_comp_data+0x29/0x80
[  164.056657][T10936]  do_vfs_ioctl+0x14b5/0x19b0
[  164.056699][T10936]  ? __pfx_do_vfs_ioctl+0x10/0x10
[  164.056895][T10936]  ? write_comp_data+0x29/0x80
[  164.056920][T10936]  ? __sanitizer_cov_trace_pc+0x20/0x50
[  164.056946][T10936]  ? gfs2_map_journal_extents+0x8e2/0x900
[  164.056987][T10936]  ? __x64_sys_futex+0x1b8/0x4f0
[  164.057027][T10936]  ? __pfx___x64_sys_futex+0x10/0x10
[  164.057078][T10936]  ? __pfx_do_sys_open+0x10/0x10
[  164.057131][T10936]  ? write_comp_data+0x29/0x80
[  164.057198][T10936]  ? __sanitizer_cov_trace_pc+0x20/0x50
[  164.057226][T10936]  __x64_sys_ioctl+0x114/0x210
[  164.057262][T10936]  do_syscall_64+0xcf/0x490
[  164.057301][T10936]  entry_SYSCALL_64_after_hwframe+0x77/0x7f
[  164.057328][T10936] RIP: 0033:0x7fc9f5f8eb29
[  164.057360][T10936] Code: ff ff c3 66 2e 0f 1f 84 00 00 00 00 00 0f 1f 40 00 48 89 f8 48 89 f7 48 89 d6 48 89 ca 4d 89 c2 4d 89 c8 4c 8b 4c 24 08 0f 05 <48> 3d 01 f0 ff ff 73 01 c3 48 c7 c1 a8 ff ff ff f7 d8 64 89 01 48
[  164.057383][T10936] RSP: 002b:00007ffec6cb0188 EFLAGS: 00000246 ORIG_RAX: 0000000000000010
[  164.057407][T10936] RAX: ffffffffffffffda RBX: 00007fc9f61b5fa0 RCX: 00007fc9f5f8eb29
[  164.057423][T10936] RDX: 0000200000000080 RSI: 0000000040305828 RDI: 0000000000000004
[  164.057438][T10936] RBP: 00007fc9f6011b39 R08: 0000000000000000 R09: 0000000000000000
[  164.057453][T10936] R10: 0000000000000000 R11: 0000000000000246 R12: 0000000000000000
[  164.057467][T10936] R13: 00007fc9f61b5fa0 R14: 00007fc9f61b5fa0 R15: 0000000000000003
[  164.057491][T10936]  </TASK>
[  164.057500][T10936] 
[  164.139330][T10936] The buggy address belongs to the physical page:
[  164.140426][T10936] page: refcount:0 mapcount:0 mapping:0000000000000000 index:0x0 pfn:0x64fed
[  164.141904][T10936] flags: 0x4fff00000000000(node=1|zone=1|lastcpupid=0x7ff)
[  164.143115][T10936] raw: 04fff00000000000 ffffea000193fb88 ffff88807ee40370 0000000000000000
[  164.144504][T10936] raw: 0000000000000000 0000000000000000 00000000ffffffff 0000000000000000
[  164.145918][T10936] page dumped because: kasan: bad access detected
[  164.146961][T10936] page_owner info is not present (never set?)
[  164.147935][T10936] 
[  164.148352][T10936] Memory state around the buggy address:
[  164.149300][T10936]  ffff888064fecf00: 00 00 00 00 00 00 00 00 00 00 00 00 00 00 00 00
[  164.150621][T10936]  ffff888064fecf80: 00 00 00 00 00 00 00 00 00 00 00 00 00 00 00 00
[  164.151949][T10936] >ffff888064fed000: ff ff ff ff ff ff ff ff ff ff ff ff ff ff ff ff
[  164.153329][T10936]                    ^
[  164.154046][T10936]  ffff888064fed080: ff ff ff ff ff ff ff ff ff ff ff ff ff ff ff ff
[  164.155391][T10936]  ffff888064fed100: ff ff ff ff ff ff ff ff ff ff ff ff ff ff ff ff
[  164.156724][T10936] ==================================================================
[  164.163629][T10936] Kernel panic - not syncing: KASAN: panic_on_warn set ...
[  164.164862][T10936] CPU: 1 UID: 0 PID: 10936 Comm: syz.0.16 Not tainted 6.16.0-rc4 #1 PREEMPT(full) 
[  164.166407][T10936] Hardware name: QEMU Standard PC (i440FX + PIIX, 1996), BIOS 1.16.2-debian-1.16.2-1 04/01/2014
[  164.168085][T10936] Call Trace:
[  164.168657][T10936]  <TASK>
[  164.169206][T10936]  dump_stack_lvl+0x3d/0x1b0
[  164.169989][T10936]  panic+0x6ef/0x7a0
[  164.170664][T10936]  ? __pfx_panic+0x10/0x10
[  164.171436][T10936]  ? lockdep_hardirqs_on+0x8c/0x120
[  164.172301][T10936]  ? preempt_schedule_thunk+0x16/0x30
[  164.173226][T10936]  ? preempt_schedule_common+0x23/0xb0
[  164.174112][T10936]  ? check_panic_on_warn+0x1f/0xb0
[  164.174949][T10936]  ? ocfs2_block_group_alloc+0x1c5a/0x1f30
[  164.175887][T10936]  check_panic_on_warn+0xab/0xb0
[  164.176699][T10936]  end_report+0x11f/0x180
[  164.177424][T10936]  kasan_report+0xa4/0xd0
[  164.178134][T10936]  ? ocfs2_block_group_alloc+0x1c5a/0x1f30
[  164.179120][T10936]  ocfs2_block_group_alloc+0x1c5a/0x1f30
[  164.180059][T10936]  ? write_comp_data+0x29/0x80
[  164.180835][T10936]  ? __pfx_ocfs2_block_group_alloc+0x10/0x10
[  164.181867][T10936]  ? ocfs2_inode_lock_full_nested+0x417/0x1e20
[  164.182927][T10936]  ? __pfx_ocfs2_inode_lock_full_nested+0x10/0x10
[  164.184025][T10936]  ? down_write+0x183/0x1e0
[  164.184811][T10936]  ? __pfx_down_write+0x10/0x10
[  164.185666][T10936]  ocfs2_reserve_suballoc_bits+0x3c5/0xe60
[  164.186613][T10936]  ? __pfx_ocfs2_reserve_suballoc_bits+0x10/0x10
[  164.187680][T10936]  ? kasan_save_track+0x14/0x30
[  164.188522][T10936]  ? __kasan_kmalloc+0xaa/0xb0
[  164.189346][T10936]  ? __kmalloc_cache_noprof+0x1cb/0x3f0
[  164.190294][T10936]  ? ocfs2_reserve_new_metadata_blocks+0xee/0xab0
[  164.191343][T10936]  ocfs2_reserve_new_metadata_blocks+0x559/0xab0
[  164.192364][T10936]  ? __pfx_ocfs2_reserve_new_metadata_blocks+0x10/0x10
[  164.193515][T10936]  ? __pfx_ocfs2_read_blocks+0x10/0x10
[  164.194403][T10936]  ? __sanitizer_cov_trace_pc+0x20/0x50
[  164.195310][T10936]  ? __pfx_ocfs2_set_buffer_uptodate+0x10/0x10
[  164.196360][T10936]  ocfs2_lock_allocators+0x27b/0x5e0
[  164.197258][T10936]  ? __pfx_ocfs2_lock_allocators+0x10/0x10
[  164.198233][T10936]  ? __pfx_ocfs2_read_inode_block_full+0x10/0x10
[  164.199310][T10936]  ? ocfs2_get_clusters_nocache.isra.11+0x3b2/0x1260
[  164.200443][T10936]  ocfs2_extend_allocation+0x2b4/0x17d0
[  164.201385][T10936]  ? __pfx_ocfs2_read_blocks+0x10/0x10
[  164.202274][T10936]  ? write_comp_data+0x29/0x80
[  164.203058][T10936]  ? __pfx_ocfs2_extend_allocation+0x10/0x10
[  164.204035][T10936]  ? ocfs2_read_inode_block_full+0x104/0x180
[  164.205004][T10936]  ? __pfx_ocfs2_read_inode_block_full+0x10/0x10
[  164.206076][T10936]  ? ocfs2_get_clusters+0x20a/0xc10
[  164.206957][T10936]  ? write_comp_data+0x29/0x80
[  164.207766][T10936]  ? __brelse+0x8c/0xb0
[  164.208451][T10936]  ? ocfs2_get_clusters+0x78f/0xc10
[  164.209343][T10936]  ? __pfx_ocfs2_get_clusters+0x10/0x10
[  164.210248][T10936]  ? __pfx_stack_trace_save+0x10/0x10
[  164.211131][T10936]  ? check_noncircular+0x7f/0x150
[  164.212002][T10936]  ? lockdep_unlock+0x64/0xe0
[  164.212807][T10936]  ? save_trace+0x3d/0x2f0
[  164.213601][T10936]  ? __pfx_ocfs2_journal_access_di+0x10/0x10
[  164.214651][T10936]  ocfs2_allocate_unwritten_extents+0x240/0x740
[  164.215731][T10936]  ? __pfx_ocfs2_allocate_unwritten_extents+0x10/0x10
[  164.216867][T10936]  ? down_write+0x183/0x1e0
[  164.217670][T10936]  ? __pfx_down_write+0x10/0x10
[  164.218467][T10936]  ? write_comp_data+0x29/0x80
[  164.219251][T10936]  __ocfs2_change_file_space+0x923/0x1080
[  164.220214][T10936]  ? __pfx___ocfs2_change_file_space+0x10/0x10
[  164.221240][T10936]  ? __lock_acquire+0xb6b/0x1f10
[  164.222086][T10936]  ocfs2_fallocate+0x268/0x2f0
[  164.222872][T10936]  ? __pfx_ocfs2_fallocate+0x10/0x10
[  164.223790][T10936]  ? rcu_read_lock_any_held+0xd3/0x100
[  164.224735][T10936]  ? __pfx_rcu_read_lock_any_held+0x10/0x10
[  164.225800][T10936]  ? __pfx_ocfs2_fallocate+0x10/0x10
[  164.226710][T10936]  vfs_fallocate+0x584/0xff0
[  164.227521][T10936]  ? __pfx_vfs_fallocate+0x10/0x10
[  164.228348][T10936]  ? write_comp_data+0x29/0x80
[  164.229179][T10936]  ioctl_preallocate+0x180/0x1f0
[  164.230007][T10936]  ? __pfx_ioctl_preallocate+0x10/0x10
[  164.230965][T10936]  ? write_comp_data+0x29/0x80
[  164.231805][T10936]  do_vfs_ioctl+0x14b5/0x19b0
[  164.232641][T10936]  ? __pfx_do_vfs_ioctl+0x10/0x10
[  164.233507][T10936]  ? write_comp_data+0x29/0x80
[  164.234288][T10936]  ? __sanitizer_cov_trace_pc+0x20/0x50
[  164.235175][T10936]  ? gfs2_map_journal_extents+0x8e2/0x900
[  164.236105][T10936]  ? __x64_sys_futex+0x1b8/0x4f0
[  164.236925][T10936]  ? __pfx___x64_sys_futex+0x10/0x10
[  164.237826][T10936]  ? __pfx_do_sys_open+0x10/0x10
[  164.238636][T10936]  ? write_comp_data+0x29/0x80
[  164.239422][T10936]  ? __sanitizer_cov_trace_pc+0x20/0x50
[  164.240313][T10936]  __x64_sys_ioctl+0x114/0x210
[  164.241111][T10936]  do_syscall_64+0xcf/0x490
[  164.241966][T10936]  entry_SYSCALL_64_after_hwframe+0x77/0x7f
[  164.242977][T10936] RIP: 0033:0x7fc9f5f8eb29
[  164.243728][T10936] Code: ff ff c3 66 2e 0f 1f 84 00 00 00 00 00 0f 1f 40 00 48 89 f8 48 89 f7 48 89 d6 48 89 ca 4d 89 c2 4d 89 c8 4c 8b 4c 24 08 0f 05 <48> 3d 01 f0 ff ff 73 01 c3 48 c7 c1 a8 ff ff ff f7 d8 64 89 01 48
[  164.246733][T10936] RSP: 002b:00007ffec6cb0188 EFLAGS: 00000246 ORIG_RAX: 0000000000000010
[  164.248042][T10936] RAX: ffffffffffffffda RBX: 00007fc9f61b5fa0 RCX: 00007fc9f5f8eb29
[  164.249295][T10936] RDX: 0000200000000080 RSI: 0000000040305828 RDI: 0000000000000004
[  164.250549][T10936] RBP: 00007fc9f6011b39 R08: 0000000000000000 R09: 0000000000000000
[  164.251822][T10936] R10: 0000000000000000 R11: 0000000000000246 R12: 0000000000000000
[  164.253065][T10936] R13: 00007fc9f61b5fa0 R14: 00007fc9f61b5fa0 R15: 0000000000000003
[  164.254356][T10936]  </TASK>
[  164.255079][T10936] Kernel Offset: disabled
[  164.255799][T10936] Rebooting in 86400 seconds..

VM DIAGNOSIS:
05:26:22  Registers:
info registers vcpu 0

CPU#0
RAX=0000000000000000 RBX=0000000000000076 RCX=ffffffff8494bdd3 RDX=0000000080000000
RSI=ffff88802200b980 RDI=0000000000000003 RBP=dffffc0000000000 RSP=ffffc90010d079e0
R8 =ffffed1004039508 R9 =ffffed1004039508 R10=ffffed1004039507 R11=ffff8880201ca83f
R12=ffffc90010d07b58 R13=ffff8880201ca830 R14=0000000000000075 R15=0000000000000076
RIP=ffffffff81ba77e0 RFL=00000297 [--S-APC] CPL=0 II=0 A20=1 SMM=0 HLT=0
ES =0000 0000000000000000 ffffffff 00c00000
CS =0010 0000000000000000 ffffffff 00a09b00 DPL=0 CS64 [-RA]
SS =0018 0000000000000000 ffffffff 00c09300 DPL=0 DS   [-WA]
DS =0000 0000000000000000 ffffffff 00c00000
FS =0000 00007f7dc29788c0 ffffffff 00c00000
GS =0000 ffff888097af9000 ffffffff 00c00000
LDT=0000 0000000000000000 ffffffff 00c00000
TR =0040 fffffe0000003000 00004087 00008b00 DPL=0 TSS64-busy
GDT=     fffffe0000001000 0000007f
IDT=     fffffe0000000000 00000fff
CR0=80050033 CR2=0000564f3b29d000 CR3=0000000026e70000 CR4=00002ef0
DR0=0000000000000000 DR1=0000000000000000 DR2=0000000000000000 DR3=0000000000000000 
DR6=00000000ffff0ff0 DR7=0000000000000400
EFER=0000000000000d01
FCW=037f FSW=0000 [ST=0] FTW=00 MXCSR=00001f80
FPR0=0000000000000000 0000 FPR1=0000000000000000 0000
FPR2=0000000000000000 0000 FPR3=0000000000000000 0000
FPR4=0000000000000000 0000 FPR5=0000000000000000 0000
FPR6=0000000000000000 0000 FPR7=0000000000000000 0000
XMM00=ffffffffffffffff ffffffffffffffff XMM01=00000010ffffffff 000055cb4a4b1eb0
XMM02=0000000000000000 0000000000000000 XMM03=0000000000000000 0000000000000000
XMM04=ffffffffffffffff ffff00ff00000000 XMM05=5953425553003070 6f6f6c2f6b636f6c
XMM06=622f6c6175747269 762f736563697665 XMM07=642f3d4854415056 45440065676e6168
XMM08=00000005ffffffff 000055cb4a4b3ec0 XMM09=6464646464646445 0b64100a010d0807
XMM10=3b17020a4b10010a 646431af2e2f5b54 XMM11=0000000000000000 0000000000000000
XMM12=0000000000000000 0000000000000000 XMM13=0000000000000000 0000000000000000
XMM14=0000000000000000 0000000000000000 XMM15=0000000000000000 0000000000000000
info registers vcpu 1

CPU#1
RAX=0000000000000000 RBX=ffff888047870000 RCX=0000000000000078 RDX=0000000000000004
RSI=ffff888047870000 RDI=0000000000000002 RBP=ffffffff8b75de2b RSP=ffffc9000ecb6248
R8 =0000000000000001 R9 =fffff52001d96cd9 R10=fffff52001d96cd8 R11=ffffc9000ecb66c2
R12=ffffc9000ecb66c4 R13=0000000000000002 R14=ffffc9008ecb66c1 R15=ffffc9000ecb66c3
RIP=ffffffff81ba77fb RFL=00000046 [---Z-P-] CPL=0 II=0 A20=1 SMM=0 HLT=0
ES =0000 0000000000000000 ffffffff 00c00000
CS =0010 0000000000000000 ffffffff 00a09b00 DPL=0 CS64 [-RA]
SS =0018 0000000000000000 ffffffff 00c09300 DPL=0 DS   [-WA]
DS =0000 0000000000000000 ffffffff 00c00000
FS =0000 000055557468d500 ffffffff 00c00000
GS =0000 ffff8880eb2f9000 ffffffff 00c00000
LDT=0000 0000000000000000 00000000 00000000
TR =0040 fffffe000004a000 00004087 00008b00 DPL=0 TSS64-busy
GDT=     fffffe0000048000 0000007f
IDT=     fffffe0000000000 00000fff
CR0=80050033 CR2=0000001b2fe5ffff CR3=00000000442b6000 CR4=00002ef0
DR0=0000000000000000 DR1=0000000000000000 DR2=0000000000000000 DR3=0000000000000000 
DR6=00000000ffff0ff0 DR7=0000000000000400
EFER=0000000000000d01
FCW=037f FSW=0000 [ST=0] FTW=00 MXCSR=00001f80
FPR0=0000000000000000 0000 FPR1=0000000000000000 0000
FPR2=0000000000000000 0000 FPR3=0000000000000000 0000
FPR4=0000000000000000 0000 FPR5=0000000000000000 0000
FPR6=0000000000000000 0000 FPR7=0000000000000000 0000
XMM00=0000000000000000 0000000000000000 XMM01=0000000000000000 0000000000000000
XMM02=6d695f746e756f6d 5f7a797300736678 XMM03=ffffffffffffffff ffffffffffffffff
XMM04=0000000000000000 0000000000000000 XMM05=0000000000000000 00007ffec6caf830
XMM06=00007ffec6caf830 00007ffec6caf6b0 XMM07=00007ffec6caf6f0 00007ffec6caf6d0
XMM08=0000000000000000 0000000000000000 XMM09=0000000000000000 00007fc9f6012c91
XMM10=0000000000000000 0000000000000000 XMM11=0000000000000000 0000000000000000
XMM12=0000000000000000 0000000000000000 XMM13=0000000000000000 0000000000000000
XMM14=0000000000000000 0000000000000000 XMM15=0000000000000000 0000000000000000
