Warning: Permanently added '[localhost]:44837' (ED25519) to the list of known hosts.
2025/07/12 06:28:35 ignoring optional flag "sandboxArg"="0"
2025/07/12 06:28:37 parsed 1 programs
syzkaller login: [  143.969171][ T9794] cgroup: Unknown subsys name 'net'
[  144.126184][ T9794] cgroup: Unknown subsys name 'cpuset'
[  144.141307][ T9794] cgroup: Unknown subsys name 'rlimit'
[  147.126427][ T9794] Adding 124996k swap on ./swap-file.  Priority:0 extents:1 across:124996k 
[  154.307352][ T9921] chnl_net:caif_netlink_parms(): no params data found
[  154.455906][ T9921] bridge0: port 1(bridge_slave_0) entered blocking state
[  154.460157][ T9921] bridge0: port 1(bridge_slave_0) entered disabled state
[  154.461520][ T9921] bridge_slave_0: entered allmulticast mode
[  154.464442][ T9921] bridge_slave_0: entered promiscuous mode
[  154.471365][ T9921] bridge0: port 2(bridge_slave_1) entered blocking state
[  154.472706][ T9921] bridge0: port 2(bridge_slave_1) entered disabled state
[  154.474029][ T9921] bridge_slave_1: entered allmulticast mode
[  154.476699][ T9921] bridge_slave_1: entered promiscuous mode
[  154.553143][ T9921] bond0: (slave bond_slave_0): Enslaving as an active interface with an up link
[  154.559414][ T9921] bond0: (slave bond_slave_1): Enslaving as an active interface with an up link
[  154.627347][ T9921] team0: Port device team_slave_0 added
[  154.633356][ T9921] team0: Port device team_slave_1 added
[  154.714458][ T9921] batman_adv: batadv0: Adding interface: batadv_slave_0
[  154.716087][ T9921] batman_adv: batadv0: The MTU of interface batadv_slave_0 is too small (1500) to handle the transport of batman-adv packets. Packets going over this interface will be fragmented on layer2 which could impact the performance. Setting the MTU to 1560 would solve the problem.
[  154.724641][ T9921] batman_adv: batadv0: Not using interface batadv_slave_0 (retrying later): interface not active
[  154.732684][ T9921] batman_adv: batadv0: Adding interface: batadv_slave_1
[  154.734360][ T9921] batman_adv: batadv0: The MTU of interface batadv_slave_1 is too small (1500) to handle the transport of batman-adv packets. Packets going over this interface will be fragmented on layer2 which could impact the performance. Setting the MTU to 1560 would solve the problem.
[  154.740456][ T9921] batman_adv: batadv0: Not using interface batadv_slave_1 (retrying later): interface not active
[  154.952441][ T9921] hsr_slave_0: entered promiscuous mode
[  154.962807][ T9921] hsr_slave_1: entered promiscuous mode
[  155.304724][ T9921] netdevsim netdevsim0 netdevsim0: renamed from eth0
[  155.323773][ T9921] netdevsim netdevsim0 netdevsim1: renamed from eth1
[  155.351169][ T9921] netdevsim netdevsim0 netdevsim2: renamed from eth2
[  155.358931][ T9921] netdevsim netdevsim0 netdevsim3: renamed from eth3
[  155.482504][ T9921] 8021q: adding VLAN 0 to HW filter on device bond0
[  155.503040][ T9921] 8021q: adding VLAN 0 to HW filter on device team0
[  155.528152][   T26] bridge0: port 1(bridge_slave_0) entered blocking state
[  155.529598][   T26] bridge0: port 1(bridge_slave_0) entered forwarding state
[  155.557402][ T3523] bridge0: port 2(bridge_slave_1) entered blocking state
[  155.559225][ T3523] bridge0: port 2(bridge_slave_1) entered forwarding state
[  155.834951][ T9921] 8021q: adding VLAN 0 to HW filter on device batadv0
[  155.890220][ T9921] veth0_vlan: entered promiscuous mode
[  155.901988][ T9921] veth1_vlan: entered promiscuous mode
[  155.937516][ T9921] veth0_macvtap: entered promiscuous mode
[  155.944444][ T9921] veth1_macvtap: entered promiscuous mode
[  155.963833][ T9921] batman_adv: batadv0: Interface activated: batadv_slave_0
[  155.975467][ T9921] batman_adv: batadv0: Interface activated: batadv_slave_1
[  155.983820][ T9921] netdevsim netdevsim0 netdevsim0: set [1, 0] type 2 family 0 port 6081 - 0
[  155.985329][ T9921] netdevsim netdevsim0 netdevsim1: set [1, 0] type 2 family 0 port 6081 - 0
[  155.986762][ T9921] netdevsim netdevsim0 netdevsim2: set [1, 0] type 2 family 0 port 6081 - 0
[  155.998792][ T9921] netdevsim netdevsim0 netdevsim3: set [1, 0] type 2 family 0 port 6081 - 0
[  156.158665][ T9639] netdevsim netdevsim0 netdevsim3 (unregistering): unset [1, 0] type 2 family 0 port 6081 - 0
[  156.232056][ T9639] netdevsim netdevsim0 netdevsim2 (unregistering): unset [1, 0] type 2 family 0 port 6081 - 0
[  156.319749][ T9639] netdevsim netdevsim0 netdevsim1 (unregistering): unset [1, 0] type 2 family 0 port 6081 - 0
[  156.396470][ T9639] netdevsim netdevsim0 netdevsim0 (unregistering): unset [1, 0] type 2 family 0 port 6081 - 0
[  156.499964][T10288] Bluetooth: hci0: unexpected cc 0x0c03 length: 249 > 1
[  156.502749][T10288] Bluetooth: hci0: unexpected cc 0x1003 length: 249 > 9
[  156.504470][T10288] Bluetooth: hci0: unexpected cc 0x1001 length: 249 > 9
[  156.506765][T10288] Bluetooth: hci0: unexpected cc 0x0c23 length: 249 > 4
[  156.508775][T10288] Bluetooth: hci0: unexpected cc 0x0c38 length: 249 > 2
[  158.212395][   T26] wlan0: Created IBSS using preconfigured BSSID 50:50:50:50:50:50
[  158.213874][   T26] wlan0: Creating new IBSS network, BSSID 50:50:50:50:50:50
[  158.321918][ T9639] bridge_slave_1: left allmulticast mode
[  158.323127][ T9639] bridge_slave_1: left promiscuous mode
[  158.325631][ T9639] bridge0: port 2(bridge_slave_1) entered disabled state
[  158.371064][ T9639] bridge_slave_0: left allmulticast mode
[  158.372044][ T9639] bridge_slave_0: left promiscuous mode
[  158.373305][ T9639] bridge0: port 1(bridge_slave_0) entered disabled state
[  158.381586][ T1328] ieee802154 phy0 wpan0: encryption failed: -22
[  158.382790][ T1328] ieee802154 phy1 wpan1: encryption failed: -22
[  158.768911][ T9639] bond0 (unregistering): (slave bond_slave_0): Releasing backup interface
[  158.774139][ T9639] bond0 (unregistering): (slave bond_slave_1): Releasing backup interface
[  158.777412][ T9639] bond0 (unregistering): Released all slaves
[  158.847795][ T3523] wlan1: Created IBSS using preconfigured BSSID 50:50:50:50:50:50
[  158.849079][ T3523] wlan1: Creating new IBSS network, BSSID 50:50:50:50:50:50
[  158.949477][ T9639] hsr_slave_0: left promiscuous mode
[  158.960711][ T9639] hsr_slave_1: left promiscuous mode
[  158.964688][ T9639] batman_adv: batadv0: Interface deactivated: batadv_slave_0
[  158.965928][ T9639] batman_adv: batadv0: Removing interface: batadv_slave_0
[  158.973258][ T9639] batman_adv: batadv0: Interface deactivated: batadv_slave_1
[  158.974474][ T9639] batman_adv: batadv0: Removing interface: batadv_slave_1
[  159.065315][ T9639] veth1_macvtap: left promiscuous mode
[  159.067142][ T9639] veth0_macvtap: left promiscuous mode
[  159.079342][ T9639] veth1_vlan: left promiscuous mode
[  159.080951][ T9639] veth0_vlan: left promiscuous mode
[  159.795084][ T9639] team0 (unregistering): Port device team_slave_1 removed
[  159.829927][ T9639] team0 (unregistering): Port device team_slave_0 removed
2025/07/12 06:29:03 executed programs: 0
[  163.676454][   T54] Bluetooth: hci0: unexpected cc 0x0c03 length: 249 > 1
[  163.684901][   T54] Bluetooth: hci0: unexpected cc 0x1003 length: 249 > 9
[  163.687859][   T54] Bluetooth: hci0: unexpected cc 0x1001 length: 249 > 9
[  163.712317][   T54] Bluetooth: hci0: unexpected cc 0x0c23 length: 249 > 4
[  163.717874][   T54] Bluetooth: hci0: unexpected cc 0x0c38 length: 249 > 2
[  164.122051][T10588] chnl_net:caif_netlink_parms(): no params data found
[  164.367797][T10588] bridge0: port 1(bridge_slave_0) entered blocking state
[  164.369682][T10588] bridge0: port 1(bridge_slave_0) entered disabled state
[  164.372046][T10588] bridge_slave_0: entered allmulticast mode
[  164.376794][T10588] bridge_slave_0: entered promiscuous mode
[  164.385117][T10588] bridge0: port 2(bridge_slave_1) entered blocking state
[  164.387116][T10588] bridge0: port 2(bridge_slave_1) entered disabled state
[  164.390168][T10588] bridge_slave_1: entered allmulticast mode
[  164.394847][T10588] bridge_slave_1: entered promiscuous mode
[  164.474896][T10588] bond0: (slave bond_slave_0): Enslaving as an active interface with an up link
[  164.492999][T10588] bond0: (slave bond_slave_1): Enslaving as an active interface with an up link
[  164.575616][T10588] team0: Port device team_slave_0 added
[  164.584422][T10588] team0: Port device team_slave_1 added
[  164.675298][T10588] batman_adv: batadv0: Adding interface: batadv_slave_0
[  164.676786][T10588] batman_adv: batadv0: The MTU of interface batadv_slave_0 is too small (1500) to handle the transport of batman-adv packets. Packets going over this interface will be fragmented on layer2 which could impact the performance. Setting the MTU to 1560 would solve the problem.
[  164.682118][T10588] batman_adv: batadv0: Not using interface batadv_slave_0 (retrying later): interface not active
[  164.691518][T10588] batman_adv: batadv0: Adding interface: batadv_slave_1
[  164.693195][T10588] batman_adv: batadv0: The MTU of interface batadv_slave_1 is too small (1500) to handle the transport of batman-adv packets. Packets going over this interface will be fragmented on layer2 which could impact the performance. Setting the MTU to 1560 would solve the problem.
[  164.699077][T10588] batman_adv: batadv0: Not using interface batadv_slave_1 (retrying later): interface not active
[  164.809075][T10588] hsr_slave_0: entered promiscuous mode
[  164.812013][T10588] hsr_slave_1: entered promiscuous mode
[  165.529081][T10588] netdevsim netdevsim0 netdevsim0: renamed from eth0
[  165.536853][T10588] netdevsim netdevsim0 netdevsim1: renamed from eth1
[  165.553384][T10588] netdevsim netdevsim0 netdevsim2: renamed from eth2
[  165.565200][T10588] netdevsim netdevsim0 netdevsim3: renamed from eth3
[  165.663183][T10588] 8021q: adding VLAN 0 to HW filter on device bond0
[  165.686091][T10588] 8021q: adding VLAN 0 to HW filter on device team0
[  165.694489][   T27] bridge0: port 1(bridge_slave_0) entered blocking state
[  165.695751][   T27] bridge0: port 1(bridge_slave_0) entered forwarding state
[  165.706403][   T27] bridge0: port 2(bridge_slave_1) entered blocking state
[  165.707697][   T27] bridge0: port 2(bridge_slave_1) entered forwarding state
[  165.819014][   T54] Bluetooth: hci0: command tx timeout
[  165.956564][T10588] 8021q: adding VLAN 0 to HW filter on device batadv0
[  166.039584][T10588] veth0_vlan: entered promiscuous mode
[  166.050175][T10588] veth1_vlan: entered promiscuous mode
[  166.082542][T10588] veth0_macvtap: entered promiscuous mode
[  166.090389][T10588] veth1_macvtap: entered promiscuous mode
[  166.106941][T10588] batman_adv: batadv0: Interface activated: batadv_slave_0
[  166.117304][T10588] batman_adv: batadv0: Interface activated: batadv_slave_1
[  166.126318][T10588] netdevsim netdevsim0 netdevsim0: set [1, 0] type 2 family 0 port 6081 - 0
[  166.128210][T10588] netdevsim netdevsim0 netdevsim1: set [1, 0] type 2 family 0 port 6081 - 0
[  166.129554][T10588] netdevsim netdevsim0 netdevsim2: set [1, 0] type 2 family 0 port 6081 - 0
[  166.130954][T10588] netdevsim netdevsim0 netdevsim3: set [1, 0] type 2 family 0 port 6081 - 0
[  166.225707][   T27] wlan0: Created IBSS using preconfigured BSSID 50:50:50:50:50:50
[  166.226996][   T27] wlan0: Creating new IBSS network, BSSID 50:50:50:50:50:50
[  166.270599][   T27] wlan1: Created IBSS using preconfigured BSSID 50:50:50:50:50:50
[  166.271940][   T27] wlan1: Creating new IBSS network, BSSID 50:50:50:50:50:50
[  166.652714][T10954] loop0: detected capacity change from 0 to 32768
[  166.746541][T10954] ocfs2: Mounting device (7,0) on (node local, slot 0) with ordered data mode.
[  166.765878][   T33] audit: type=1800 audit(1752301746.511:9): pid=10954 uid=0 auid=0 ses=5 subj=unconfined op=collect_data cause=failed(directio) comm="syz.0.16" name="file1" dev="loop0" ino=17058 res=0 errno=0
[  166.770048][T10954] Oops: general protection fault, maybe for address 0x0: 0000 [#1] SMP KASAN PTI
[  166.771866][T10954] CPU: 0 UID: 0 PID: 10954 Comm: syz.0.16 Not tainted 6.16.0-rc5 #1 PREEMPT(full) 
[  166.773367][T10954] Hardware name: QEMU Standard PC (i440FX + PIIX, 1996), BIOS 1.16.2-debian-1.16.2-1 04/01/2014
[  166.775261][T10954] RIP: 0010:ocfs2_prepare_dir_for_insert+0x15dd/0x1810
[  166.776895][T10954] Code: f5 ff ff bd fe ff ff ff e9 a6 fd ff ff bd fe ff ff ff e9 ef fc ff ff e8 c1 87 11 fe 90 0f 0b 90 e9 46 f6 ff ff e8 b3 87 11 fe <a0> 01 00 00 00 00 fc ff df 84 c0 74 08 3c 01 0f 8e e5 01 00 00 a0
[  166.782945][T10954] RSP: 0018:ffffc90003a4ef38 EFLAGS: 00010246
[  166.784925][T10954] RAX: 0000000000000000 RBX: ffff888055165df8 RCX: ffff88805ac800c8
[  166.786776][T10954] RDX: 0000000080000000 RSI: ffff888066cf1cc0 RDI: 0000000000000002
[  166.788630][T10954] RBP: ffff88805ac80000 R08: d84c77d00b065307 R09: de42cf55e7e9ffb8
[  166.790458][T10954] R10: d84c77d00b065307 R11: de42cf55e7e9ffb8 R12: 00000000000001c0
[  166.792248][T10954] R13: 0000000000000000 R14: 0000000000000014 R15: ffff88801c75e000
[  166.794153][T10954] FS:  00005555701a0500(0000) GS:ffff8880978bc000(0000) knlGS:0000000000000000
[  166.796319][T10954] CS:  0010 DS: 0000 ES: 0000 CR0: 0000000080050033
[  166.797870][T10954] CR2: 0000200000003e10 CR3: 00000000512de000 CR4: 0000000000002ef0
[  166.799724][T10954] Call Trace:
[  166.800558][T10954]  <TASK>
[  166.801302][T10954]  ? __pfx_ocfs2_prepare_dir_for_insert+0x10/0x10
[  166.802983][T10954]  ? snprintf+0xb1/0xe0
[  166.804067][T10954]  ? __pfx_snprintf+0x10/0x10
[  166.805126][T10954]  ? __pfx_down_write+0x10/0x10
[  166.806320][T10954]  ? write_comp_data+0x29/0x80
[  166.807537][T10954]  ? __sanitizer_cov_trace_pc+0x20/0x50
[  166.809127][T10954]  __ocfs2_prepare_orphan_dir+0x149/0x360
[  166.810430][T10954]  ? __pfx___ocfs2_prepare_orphan_dir+0x10/0x10
[  166.812014][T10954]  ? __pfx_ocfs2_read_inode_block_full+0x10/0x10
[  166.813612][T10954]  ? ocfs2_inode_lock_full_nested+0x133/0x1e20
[  166.814962][T10954]  ocfs2_prepare_orphan_dir+0xf4/0x590
[  166.816057][T10954]  ? __pfx_ocfs2_prepare_orphan_dir+0x10/0x10
[  166.817008][T10954]  ? __pfx_ocfs2_inode_lock_full_nested+0x10/0x10
[  166.818025][T10954]  ? __blockdev_direct_IO+0xee0/0x59e0
[  166.818962][T10954]  ? __generic_file_write_iter+0x11c/0x240
[  166.819916][T10954]  ? ocfs2_file_write_iter+0xc84/0x2330
[  166.820785][T10954]  ? vfs_write+0xb92/0x10e0
[  166.821503][T10954]  ? ksys_write+0x121/0x240
[  166.822242][T10954]  ? do_syscall_64+0xcf/0x490
[  166.823003][T10954]  ? entry_SYSCALL_64_after_hwframe+0x77/0x7f
[  166.824084][T10954]  ocfs2_add_inode_to_orphan+0x1c1/0x730
[  166.826611][T10954]  ? __pfx_ocfs2_add_inode_to_orphan+0x10/0x10
[  166.833023][T10954]  ? __kasan_kmalloc+0xaa/0xb0
[  166.833955][T10954]  ? __sanitizer_cov_trace_pc+0x20/0x50
[  166.834945][T10954]  ? ocfs2_dio_wr_get_block+0x10bd/0x1940
[  166.835946][T10954]  ocfs2_dio_wr_get_block+0x1219/0x1940
[  166.836843][T10954]  ? __pfx_ocfs2_dio_wr_get_block+0x10/0x10
[  166.837793][T10954]  ? kasan_save_track+0x14/0x30
[  166.838672][T10954]  ? __pfx_iov_iter_extract_pages+0x10/0x10
[  166.839632][T10954]  ? ocfs2_direct_IO+0x25c/0x360
[  166.840489][T10954]  ? __generic_file_write_iter+0x11c/0x240
[  166.841463][T10954]  ? ocfs2_file_write_iter+0xc84/0x2330
[  166.842469][T10954]  ? vfs_write+0xb92/0x10e0
[  166.843217][T10954]  ? do_syscall_64+0xcf/0x490
[  166.844003][T10954]  ? entry_SYSCALL_64_after_hwframe+0x77/0x7f
[  166.844976][T10954]  ? __pfx_ocfs2_dio_wr_get_block+0x10/0x10
[  166.845973][T10954]  do_direct_IO+0x17ed/0x9280
[  166.846843][T10954]  ? __pfx_do_direct_IO+0x10/0x10
[  166.847700][T10954]  ? __sanitizer_cov_trace_pc+0x20/0x50
[  166.848850][T10954]  ? iov_iter_npages+0x100/0x510
[  166.849720][T10954]  __blockdev_direct_IO+0xee0/0x59e0
[  166.850846][T10954]  ? __pfx___blockdev_direct_IO+0x10/0x10
[  166.852095][T10954]  ? __lock_acquire+0x1068/0x1f10
[  166.853204][T10954]  ? __pfx_ocfs2_dio_wr_get_block+0x10/0x10
[  166.854149][T10954]  ? write_comp_data+0x29/0x80
[  166.855003][T10954]  ? write_comp_data+0x29/0x80
[  166.855779][T10954]  ? __sanitizer_cov_trace_pc+0x20/0x50
[  166.856774][T10954]  ? __pfx_ocfs2_dio_wr_get_block+0x10/0x10
[  166.857701][T10954]  ocfs2_direct_IO+0x25c/0x360
[  166.858499][T10954]  generic_file_direct_write+0x139/0x3a0
[  166.859387][T10954]  ? __sanitizer_cov_trace_pc+0x20/0x50
[  166.860257][T10954]  __generic_file_write_iter+0x11c/0x240
[  166.861144][T10954]  ocfs2_file_write_iter+0xc84/0x2330
[  166.862397][T10954]  ? __pfx_ocfs2_file_write_iter+0x10/0x10
[  166.863379][T10954]  ? write_comp_data+0x29/0x80
[  166.864194][T10954]  ? __sanitizer_cov_trace_pc+0x20/0x50
[  166.865105][T10954]  ? rcu_read_lock_any_held+0xd3/0x100
[  166.866022][T10954]  ? __pfx_rcu_read_lock_any_held+0x10/0x10
[  166.867013][T10954]  vfs_write+0xb92/0x10e0
[  166.867739][T10954]  ? __pfx_ocfs2_file_write_iter+0x10/0x10
[  166.868680][T10954]  ? __pfx_vfs_write+0x10/0x10
[  166.869483][T10954]  ? __x64_sys_futex+0x1b8/0x4f0
[  166.870323][T10954]  ? write_comp_data+0x29/0x80
[  166.871078][T10954]  ? __sanitizer_cov_trace_pc+0x20/0x50
[  166.871942][T10954]  ksys_write+0x121/0x240
[  166.872656][T10954]  ? __pfx_ksys_write+0x10/0x10
[  166.873426][T10954]  ? do_syscall_64+0x95/0x490
[  166.874188][T10954]  do_syscall_64+0xcf/0x490
[  166.875011][T10954]  entry_SYSCALL_64_after_hwframe+0x77/0x7f
[  166.875987][T10954] RIP: 0033:0x7f21dc18eb29
[  166.876728][T10954] Code: ff ff c3 66 2e 0f 1f 84 00 00 00 00 00 0f 1f 40 00 48 89 f8 48 89 f7 48 89 d6 48 89 ca 4d 89 c2 4d 89 c8 4c 8b 4c 24 08 0f 05 <48> 3d 01 f0 ff ff 73 01 c3 48 c7 c1 a8 ff ff ff f7 d8 64 89 01 48
[  166.879591][T10954] RSP: 002b:00007ffd39376a48 EFLAGS: 00000246 ORIG_RAX: 0000000000000001
[  166.880846][T10954] RAX: ffffffffffffffda RBX: 00007f21dc3b5fa0 RCX: 00007f21dc18eb29
[  166.882101][T10954] RDX: 00000000fffffe7e RSI: 0000200000003e00 RDI: 0000000000000004
[  166.883364][T10954] RBP: 00007f21dc211b39 R08: 0000000000000000 R09: 0000000000000000
[  166.884550][T10954] R10: 0000000000000000 R11: 0000000000000246 R12: 0000000000000000
[  166.885774][T10954] R13: 00007f21dc3b5fa0 R14: 00007f21dc3b5fa0 R15: 0000000000000003
[  166.887087][T10954]  </TASK>
[  166.887590][T10954] Modules linked in:
[  166.889010][T10954] ---[ end trace 0000000000000000 ]---
[  166.937643][T10954] RIP: 0010:ocfs2_prepare_dir_for_insert+0x15dd/0x1810
[  166.938909][T10954] Code: f5 ff ff bd fe ff ff ff e9 a6 fd ff ff bd fe ff ff ff e9 ef fc ff ff e8 c1 87 11 fe 90 0f 0b 90 e9 46 f6 ff ff e8 b3 87 11 fe <a0> 01 00 00 00 00 fc ff df 84 c0 74 08 3c 01 0f 8e e5 01 00 00 a0
[  166.941909][T10954] RSP: 0018:ffffc90003a4ef38 EFLAGS: 00010246
[  166.942929][T10954] RAX: 0000000000000000 RBX: ffff888055165df8 RCX: ffff88805ac800c8
[  166.944187][T10954] RDX: 0000000080000000 RSI: ffff888066cf1cc0 RDI: 0000000000000002
[  166.945430][T10954] RBP: ffff88805ac80000 R08: d84c77d00b065307 R09: de42cf55e7e9ffb8
[  166.946705][T10954] R10: d84c77d00b065307 R11: de42cf55e7e9ffb8 R12: 00000000000001c0
[  166.953457][T10954] R13: 0000000000000000 R14: 0000000000000014 R15: ffff88801c75e000
[  166.954800][T10954] FS:  00005555701a0500(0000) GS:ffff8880eb0bc000(0000) knlGS:0000000000000000
[  166.956228][T10954] CS:  0010 DS: 0000 ES: 0000 CR0: 0000000080050033
[  166.957296][T10954] CR2: 00007f5397c05190 CR3: 00000000512de000 CR4: 0000000000002ef0
[  166.960906][T10954] Kernel panic - not syncing: Fatal exception
[  166.962399][T10954] Kernel Offset: disabled
[  166.963081][T10954] Rebooting in 86400 seconds..

VM DIAGNOSIS:
06:29:06  Registers:
info registers vcpu 0

CPU#0
RAX=0000000000000020 RBX=0000000000000000 RCX=0000000000000000 RDX=00000000000003f8
RSI=ffff888066cf1cc0 RDI=ffffffff9b10f980 RBP=ffffffff9b10f940 RSP=ffffc90003a4e708
R8 =ffffed1004092047 R9 =ffffed1004092047 R10=ffffed1004092046 R11=ffff888020490237
R12=0000000000000000 R13=0000000000000020 R14=0000000000000020 R15=0000000000000000
RIP=ffffffff855c700f RFL=00000002 [-------] CPL=0 II=0 A20=1 SMM=0 HLT=0
ES =0000 0000000000000000 ffffffff 00c00000
CS =0010 0000000000000000 ffffffff 00a09b00 DPL=0 CS64 [-RA]
SS =0018 0000000000000000 ffffffff 00c09300 DPL=0 DS   [-WA]
DS =0000 0000000000000000 ffffffff 00c00000
FS =0000 00005555701a0500 ffffffff 00c00000
GS =0000 ffff8880978bc000 ffffffff 00c00000
LDT=0000 0000000000000000 ffffffff 00c00000
TR =0040 fffffe0000003000 00004087 00008b00 DPL=0 TSS64-busy
GDT=     fffffe0000001000 0000007f
IDT=     fffffe0000000000 00000fff
CR0=80050033 CR2=0000200000003e10 CR3=00000000512de000 CR4=00002ef0
DR0=0000000000000000 DR1=0000000000000000 DR2=0000000000000000 DR3=0000000000000000 
DR6=00000000ffff0ff0 DR7=0000000000000400
EFER=0000000000000d01
FCW=037f FSW=0000 [ST=0] FTW=00 MXCSR=00001f80
FPR0=0000000000000000 0000 FPR1=0000000000000000 0000
FPR2=0000000000000000 0000 FPR3=0000000000000000 0000
FPR4=0000000000000000 0000 FPR5=0000000000000000 0000
FPR6=0000000000000000 0000 FPR7=0000000000000000 0000
XMM00=0000000000000000 0000000000000000 XMM01=73ea207ab86d15cb 9db24bc77c3e71fa
XMM02=30a97669a59f714a 5d43c61bc313c413 XMM03=a02de2a8b3502b0f 1f622b237efb5bf0
XMM04=92e615b386e7a791 31dae143eab6a0c7 XMM05=f8a87ec6502966e8 21b4036710c49878
XMM06=c784d3d4c58bafaa dbab8fcbf91eed99 XMM07=6860ff76b7feaa9c a4615d2fb6661575
XMM08=92e615b386e7a791 31dae143eab6a0c7 XMM09=0000000000000000 00007f21dc212c91
XMM10=0000000000000000 0000000000000000 XMM11=0000000000000000 0000000000000000
XMM12=0000000000000000 0000000000000000 XMM13=0000000000000000 0000000000000000
XMM14=0000000000000000 0000000000000000 XMM15=0000000000000000 0000000000000000
info registers vcpu 1

CPU#1
RAX=0000000000000001 RBX=ffffffff81a5f0f0 RCX=1ffffffff1be45b5 RDX=dffffc0000000000
RSI=ffffffff823965cb RDI=ffffc900015f6f38 RBP=ffffc900015f6fc0 RSP=ffffc900015f6f28
R8 =0000000000000001 R9 =0000000000000001 R10=00000000000a8518 R11=000000000003d2a0
R12=ffffc900015f6ff0 R13=0000000000000000 R14=ffff88801ef5d640 R15=0000000000000000
RIP=ffffffff8169d090 RFL=00000202 [-------] CPL=0 II=0 A20=1 SMM=0 HLT=0
ES =0000 0000000000000000 ffffffff 00c00000
CS =0010 0000000000000000 ffffffff 00a09b00 DPL=0 CS64 [-RA]
SS =0018 0000000000000000 ffffffff 00c09300 DPL=0 DS   [-WA]
DS =0000 0000000000000000 ffffffff 00c00000
FS =0000 0000000000000000 ffffffff 00c00000
GS =0000 ffff8880eb0bc000 ffffffff 00c00000
LDT=0000 0000000000000000 00000000 00000000
TR =0040 fffffe000004a000 00004087 00008b00 DPL=0 TSS64-busy
GDT=     fffffe0000048000 0000007f
IDT=     fffffe0000000000 00000fff
CR0=80050033 CR2=0000560b74cf42d8 CR3=00000000512f8000 CR4=00002ef0
DR0=0000000000000000 DR1=0000000000000000 DR2=0000000000000000 DR3=0000000000000000 
DR6=00000000ffff0ff0 DR7=0000000000000400
EFER=0000000000000d01
FCW=037f FSW=0000 [ST=0] FTW=00 MXCSR=00001f80
FPR0=0000000000000000 0000 FPR1=0000000000000000 0000
FPR2=0000000000000000 0000 FPR3=0000000000000000 0000
FPR4=0000000000000000 0000 FPR5=0000000000000000 0000
FPR6=0000000000000000 0000 FPR7=0000000000000000 0000
XMM00=0000000000000000 0000000000000000 XMM01=ffffffffffffffff ffffffffffffffff
XMM02=0000000000000000 0000000000000000 XMM03=ffffffffffffffff ffffffffffffffff
XMM04=0000000000000000 00000000000000ff XMM05=0000000000000000 0000000000000000
XMM06=0000000000000000 000000524f525245 XMM07=0000000000000000 0000000000000000
XMM08=0000000000000000 00524f5252450040 XMM09=0000000000000000 00007f21dc212c91
XMM10=0000000000000000 0000000000000000 XMM11=0000000000000000 0000000000000000
XMM12=0000000000000000 0000000000000000 XMM13=0000000000000000 0000000000000000
XMM14=0000000000000000 0000000000000000 XMM15=0000000000000000 0000000000000000
